Component: ARM Compiler 5.06 update 4 (build 422) Tool: armlink [4d35d2]

==============================================================================

Section Cross References

    startup_stm32f103xb.o(RESET) refers to startup_stm32f103xb.o(STACK) for __initial_sp
    startup_stm32f103xb.o(RESET) refers to startup_stm32f103xb.o(.text) for Reset_Handler
    startup_stm32f103xb.o(RESET) refers to stm32f1xx_it.o(i.NMI_Handler) for NMI_Handler
    startup_stm32f103xb.o(RESET) refers to stm32f1xx_it.o(i.HardFault_Handler) for HardFault_Handler
    startup_stm32f103xb.o(RESET) refers to stm32f1xx_it.o(i.MemManage_Handler) for MemManage_Handler
    startup_stm32f103xb.o(RESET) refers to stm32f1xx_it.o(i.BusFault_Handler) for BusFault_Handler
    startup_stm32f103xb.o(RESET) refers to stm32f1xx_it.o(i.UsageFault_Handler) for UsageFault_Handler
    startup_stm32f103xb.o(RESET) refers to stm32f1xx_it.o(i.SVC_Handler) for SVC_Handler
    startup_stm32f103xb.o(RESET) refers to stm32f1xx_it.o(i.DebugMon_Handler) for DebugMon_Handler
    startup_stm32f103xb.o(RESET) refers to stm32f1xx_it.o(i.PendSV_Handler) for PendSV_Handler
    startup_stm32f103xb.o(RESET) refers to stm32f1xx_it.o(i.SysTick_Handler) for SysTick_Handler
    startup_stm32f103xb.o(RESET) refers to stm32f1xx_it.o(i.USB_LP_CAN1_RX0_IRQHandler) for USB_LP_CAN1_RX0_IRQHandler
    startup_stm32f103xb.o(.text) refers to system_stm32f1xx.o(i.SystemInit) for SystemInit
    startup_stm32f103xb.o(.text) refers to entry.o(.ARM.Collect$$$$00000000) for __main
    mlx90640_api.o(i.ExtractAlphaParameters) refers to fflti.o(.text) for __aeabi_i2f
    mlx90640_api.o(i.ExtractAlphaParameters) refers to dfltui.o(.text) for __aeabi_ui2d
    mlx90640_api.o(i.ExtractAlphaParameters) refers to ffltui.o(.text) for __aeabi_ui2f
    mlx90640_api.o(i.ExtractAlphaParameters) refers to fadd.o(.text) for __aeabi_fsub
    mlx90640_api.o(i.ExtractAlphaParameters) refers to fmul.o(.text) for __aeabi_fmul
    mlx90640_api.o(i.ExtractAlphaParameters) refers to pow.o(i.pow) for pow
    mlx90640_api.o(i.ExtractAlphaParameters) refers to f2d.o(.text) for __aeabi_f2d
    mlx90640_api.o(i.ExtractAlphaParameters) refers to ddiv.o(.text) for __aeabi_ddiv
    mlx90640_api.o(i.ExtractAlphaParameters) refers to d2f.o(.text) for __aeabi_d2f
    mlx90640_api.o(i.ExtractCILCParameters) refers to ffltui.o(.text) for __aeabi_ui2f
    mlx90640_api.o(i.ExtractCILCParameters) refers to fadd.o(.text) for __aeabi_fsub
    mlx90640_api.o(i.ExtractCILCParameters) refers to fscalb.o(.text) for __ARM_scalbnf
    mlx90640_api.o(i.ExtractCPParameters) refers to ffltui.o(.text) for __aeabi_ui2f
    mlx90640_api.o(i.ExtractCPParameters) refers to fadd.o(.text) for __aeabi_fsub
    mlx90640_api.o(i.ExtractCPParameters) refers to dfltui.o(.text) for __aeabi_ui2d
    mlx90640_api.o(i.ExtractCPParameters) refers to pow.o(i.pow) for pow
    mlx90640_api.o(i.ExtractCPParameters) refers to f2d.o(.text) for __aeabi_f2d
    mlx90640_api.o(i.ExtractCPParameters) refers to ddiv.o(.text) for __aeabi_ddiv
    mlx90640_api.o(i.ExtractCPParameters) refers to d2f.o(.text) for __aeabi_d2f
    mlx90640_api.o(i.ExtractCPParameters) refers to fscalb.o(.text) for __ARM_scalbnf
    mlx90640_api.o(i.ExtractCPParameters) refers to fmul.o(.text) for __aeabi_fmul
    mlx90640_api.o(i.ExtractDeviatingPixels) refers to mlx90640_api.o(i.CheckAdjacentPixels) for CheckAdjacentPixels
    mlx90640_api.o(i.ExtractKsTaParameters) refers to ffltui.o(.text) for __aeabi_ui2f
    mlx90640_api.o(i.ExtractKsTaParameters) refers to fadd.o(.text) for __aeabi_fsub
    mlx90640_api.o(i.ExtractKsTaParameters) refers to fscalb.o(.text) for __ARM_scalbnf
    mlx90640_api.o(i.ExtractKsToParameters) refers to ffltui.o(.text) for __aeabi_ui2f
    mlx90640_api.o(i.ExtractKsToParameters) refers to fflti.o(.text) for __aeabi_i2f
    mlx90640_api.o(i.ExtractKsToParameters) refers to fadd.o(.text) for __aeabi_fsub
    mlx90640_api.o(i.ExtractKsToParameters) refers to fdiv.o(.text) for __aeabi_fdiv
    mlx90640_api.o(i.ExtractKtaPixelParameters) refers to fflti.o(.text) for __aeabi_i2f
    mlx90640_api.o(i.ExtractKtaPixelParameters) refers to dfltui.o(.text) for __aeabi_ui2d
    mlx90640_api.o(i.ExtractKtaPixelParameters) refers to ffltui.o(.text) for __aeabi_ui2f
    mlx90640_api.o(i.ExtractKtaPixelParameters) refers to fadd.o(.text) for __aeabi_fsub
    mlx90640_api.o(i.ExtractKtaPixelParameters) refers to fmul.o(.text) for __aeabi_fmul
    mlx90640_api.o(i.ExtractKtaPixelParameters) refers to pow.o(i.pow) for pow
    mlx90640_api.o(i.ExtractKtaPixelParameters) refers to f2d.o(.text) for __aeabi_f2d
    mlx90640_api.o(i.ExtractKtaPixelParameters) refers to ddiv.o(.text) for __aeabi_ddiv
    mlx90640_api.o(i.ExtractKtaPixelParameters) refers to d2f.o(.text) for __aeabi_d2f
    mlx90640_api.o(i.ExtractKvPixelParameters) refers to dfltui.o(.text) for __aeabi_ui2d
    mlx90640_api.o(i.ExtractKvPixelParameters) refers to fflti.o(.text) for __aeabi_i2f
[...]
    Removing stm32f1xx_hal_rcc.o(i.HAL_RCC_CSSCallback), (2 bytes).
    Removing stm32f1xx_hal_rcc.o(i.HAL_RCC_DeInit), (216 bytes).
    Removing stm32f1xx_hal_rcc.o(i.HAL_RCC_DisableCSS), (12 bytes).
    Removing stm32f1xx_hal_rcc.o(i.HAL_RCC_EnableCSS), (12 bytes).
    Removing stm32f1xx_hal_rcc.o(i.HAL_RCC_GetClockConfig), (64 bytes).
    Removing stm32f1xx_hal_rcc.o(i.HAL_RCC_GetOscConfig), (144 bytes).
    Removing stm32f1xx_hal_rcc.o(i.HAL_RCC_GetPCLK1Freq), (32 bytes).
    Removing stm32f1xx_hal_rcc.o(i.HAL_RCC_GetPCLK2Freq), (32 bytes).
    Removing stm32f1xx_hal_rcc.o(i.HAL_RCC_MCOConfig), (72 bytes).
    Removing stm32f1xx_hal_rcc.o(i.HAL_RCC_NMI_IRQHandler), (24 bytes).
    Removing stm32f1xx_hal_rcc_ex.o(.rev16_text), (4 bytes).
    Removing stm32f1xx_hal_rcc_ex.o(.revsh_text), (4 bytes).
    Removing stm32f1xx_hal_rcc_ex.o(.rrx_text), (6 bytes).
    Removing stm32f1xx_hal_rcc_ex.o(i.HAL_RCCEx_GetPeriphCLKConfig), (44 bytes).
    Removing stm32f1xx_hal_rcc_ex.o(i.HAL_RCCEx_GetPeriphCLKFreq), (200 bytes).
    Removing stm32f1xx_hal_gpio.o(.rev16_text), (4 bytes).
    Removing stm32f1xx_hal_gpio.o(.revsh_text), (4 bytes).
    Removing stm32f1xx_hal_gpio.o(.rrx_text), (6 bytes).
    Removing stm32f1xx_hal_gpio.o(i.HAL_GPIO_DeInit), (228 bytes).
    Removing stm32f1xx_hal_gpio.o(i.HAL_GPIO_EXTI_Callback), (2 bytes).
    Removing stm32f1xx_hal_gpio.o(i.HAL_GPIO_EXTI_IRQHandler), (24 bytes).
    Removing stm32f1xx_hal_gpio.o(i.HAL_GPIO_Init), (444 bytes).
    Removing stm32f1xx_hal_gpio.o(i.HAL_GPIO_LockPin), (34 bytes).
    Removing stm32f1xx_hal_gpio.o(i.HAL_GPIO_ReadPin), (10 bytes).
    Removing stm32f1xx_hal_gpio.o(i.HAL_GPIO_TogglePin), (8 bytes).
    Removing stm32f1xx_hal_gpio.o(i.HAL_GPIO_WritePin), (10 bytes).
    Removing stm32f1xx_hal_dma.o(.rev16_text), (4 bytes).
    Removing stm32f1xx_hal_dma.o(.revsh_text), (4 bytes).
    Removing stm32f1xx_hal_dma.o(.rrx_text), (6 bytes).
    Removing stm32f1xx_hal_dma.o(i.DMA_SetConfig), (42 bytes).
    Removing stm32f1xx_hal_dma.o(i.HAL_DMA_Abort), (48 bytes).
    Removing stm32f1xx_hal_dma.o(i.HAL_DMA_Abort_IT), (152 bytes).
    Removing stm32f1xx_hal_dma.o(i.HAL_DMA_DeInit), (84 bytes).
    Removing stm32f1xx_hal_dma.o(i.HAL_DMA_GetError), (4 bytes).
    Removing stm32f1xx_hal_dma.o(i.HAL_DMA_GetState), (6 bytes).
    Removing stm32f1xx_hal_dma.o(i.HAL_DMA_IRQHandler), (340 bytes).
    Removing stm32f1xx_hal_dma.o(i.HAL_DMA_Init), (100 bytes).
    Removing stm32f1xx_hal_dma.o(i.HAL_DMA_PollForTransfer), (532 bytes).
    Removing stm32f1xx_hal_dma.o(i.HAL_DMA_RegisterCallback), (74 bytes).
    Removing stm32f1xx_hal_dma.o(i.HAL_DMA_Start), (80 bytes).
    Removing stm32f1xx_hal_dma.o(i.HAL_DMA_Start_IT), (112 bytes).
    Removing stm32f1xx_hal_dma.o(i.HAL_DMA_UnRegisterCallback), (82 bytes).
    Removing stm32f1xx_hal_cortex.o(.rev16_text), (4 bytes).
    Removing stm32f1xx_hal_cortex.o(.revsh_text), (4 bytes).
    Removing stm32f1xx_hal_cortex.o(.rrx_text), (6 bytes).
    Removing stm32f1xx_hal_cortex.o(i.HAL_NVIC_ClearPendingIRQ), (22 bytes).
    Removing stm32f1xx_hal_cortex.o(i.HAL_NVIC_DisableIRQ), (22 bytes).
    Removing stm32f1xx_hal_cortex.o(i.HAL_NVIC_GetActive), (32 bytes).
    Removing stm32f1xx_hal_cortex.o(i.HAL_NVIC_GetPendingIRQ), (32 bytes).
    Removing stm32f1xx_hal_cortex.o(i.HAL_NVIC_GetPriority), (82 bytes).
    Removing stm32f1xx_hal_cortex.o(i.HAL_NVIC_GetPriorityGrouping), (16 bytes).
    Removing stm32f1xx_hal_cortex.o(i.HAL_NVIC_SetPendingIRQ), (22 bytes).
    Removing stm32f1xx_hal_cortex.o(i.HAL_NVIC_SystemReset), (36 bytes).
    Removing stm32f1xx_hal_pwr.o(.rev16_text), (4 bytes).
    Removing stm32f1xx_hal_pwr.o(.revsh_text), (4 bytes).
    Removing stm32f1xx_hal_pwr.o(.rrx_text), (6 bytes).
    Removing stm32f1xx_hal_pwr.o(i.HAL_PWR_ConfigPVD), (124 bytes).
    Removing stm32f1xx_hal_pwr.o(i.HAL_PWR_DeInit), (24 bytes).
    Removing stm32f1xx_hal_pwr.o(i.HAL_PWR_DisableBkUpAccess), (12 bytes).
    Removing stm32f1xx_hal_pwr.o(i.HAL_PWR_DisablePVD), (12 bytes).
    Removing stm32f1xx_hal_pwr.o(i.HAL_PWR_DisableSEVOnPend), (16 bytes).
    Removing stm32f1xx_hal_pwr.o(i.HAL_PWR_DisableSleepOnExit), (16 bytes).
    Removing stm32f1xx_hal_pwr.o(i.HAL_PWR_DisableWakeUpPin), (28 bytes).
    Removing stm32f1xx_hal_pwr.o(i.HAL_PWR_EnableBkUpAccess), (12 bytes).
    Removing stm32f1xx_hal_pwr.o(i.HAL_PWR_EnablePVD), (12 bytes).
    Removing stm32f1xx_hal_pwr.o(i.HAL_PWR_EnableSEVOnPend), (16 bytes).
    Removing stm32f1xx_hal_pwr.o(i.HAL_PWR_EnableSleepOnExit), (16 bytes).
    Removing stm32f1xx_hal_pwr.o(i.HAL_PWR_EnableWakeUpPin), (28 bytes).
    Removing stm32f1xx_hal_pwr.o(i.HAL_PWR_EnterSLEEPMode), (32 bytes).
    Removing stm32f1xx_hal_pwr.o(i.HAL_PWR_EnterSTANDBYMode), (32 bytes).
    Removing stm32f1xx_hal_pwr.o(i.HAL_PWR_EnterSTOPMode), (68 bytes).
    Removing stm32f1xx_hal_pwr.o(i.HAL_PWR_PVDCallback), (2 bytes).
    Removing stm32f1xx_hal_pwr.o(i.HAL_PWR_PVD_IRQHandler), (28 bytes).
    Removing stm32f1xx_hal_pwr.o(i.PWR_OverloadWfe), (6 bytes).
    Removing stm32f1xx_hal_flash.o(.rev16_text), (4 bytes).
    Removing stm32f1xx_hal_flash.o(.revsh_text), (4 bytes).
    Removing stm32f1xx_hal_flash.o(.rrx_text), (6 bytes).
    Removing stm32f1xx_hal_flash.o(i.FLASH_Program_HalfWord), (28 bytes).
    Removing stm32f1xx_hal_flash.o(i.FLASH_SetErrorCode), (92 bytes).
    Removing stm32f1xx_hal_flash.o(i.FLASH_WaitForLastOperation), (84 bytes).
    Removing stm32f1xx_hal_flash.o(i.HAL_FLASH_EndOfOperationCallback), (2 bytes).
    Removing stm32f1xx_hal_flash.o(i.HAL_FLASH_GetError), (12 bytes).
    Removing stm32f1xx_hal_flash.o(i.HAL_FLASH_IRQHandler), (264 bytes).
    Removing stm32f1xx_hal_flash.o(i.HAL_FLASH_Lock), (20 bytes).
    Removing stm32f1xx_hal_flash.o(i.HAL_FLASH_OB_Launch), (4 bytes).
    Removing stm32f1xx_hal_flash.o(i.HAL_FLASH_OB_Lock), (20 bytes).
    Removing stm32f1xx_hal_flash.o(i.HAL_FLASH_OB_Unlock), (36 bytes).
    Removing stm32f1xx_hal_flash.o(i.HAL_FLASH_OperationErrorCallback), (2 bytes).
    Removing stm32f1xx_hal_flash.o(i.HAL_FLASH_Program), (128 bytes).
    Removing stm32f1xx_hal_flash.o(i.HAL_FLASH_Program_IT), (100 bytes).
    Removing stm32f1xx_hal_flash.o(i.HAL_FLASH_Unlock), (40 bytes).
    Removing stm32f1xx_hal_flash.o(.bss), (32 bytes).
    Removing stm32f1xx_hal_flash_ex.o(.rev16_text), (4 bytes).
    Removing stm32f1xx_hal_flash_ex.o(.revsh_text), (4 bytes).
    Removing stm32f1xx_hal_flash_ex.o(.rrx_text), (6 bytes).
    Removing stm32f1xx_hal_flash_ex.o(i.FLASH_MassErase), (36 bytes).
    Removing stm32f1xx_hal_flash_ex.o(i.FLASH_OB_DisableWRP), (176 bytes).
    Removing stm32f1xx_hal_flash_ex.o(i.FLASH_OB_EnableWRP), (176 bytes).
    Removing stm32f1xx_hal_flash_ex.o(i.FLASH_OB_GetRDP), (24 bytes).
    Removing stm32f1xx_hal_flash_ex.o(i.FLASH_OB_RDP_LevelConfig), (100 bytes).
    Removing stm32f1xx_hal_flash_ex.o(i.FLASH_PageErase), (36 bytes).
    Removing stm32f1xx_hal_flash_ex.o(i.HAL_FLASHEx_Erase), (168 bytes).
    Removing stm32f1xx_hal_flash_ex.o(i.HAL_FLASHEx_Erase_IT), (84 bytes).
    Removing stm32f1xx_hal_flash_ex.o(i.HAL_FLASHEx_OBErase), (84 bytes).
    Removing stm32f1xx_hal_flash_ex.o(i.HAL_FLASHEx_OBGetConfig), (36 bytes).
    Removing stm32f1xx_hal_flash_ex.o(i.HAL_FLASHEx_OBGetUserData), (32 bytes).
    Removing stm32f1xx_hal_flash_ex.o(i.HAL_FLASHEx_OBProgram), (200 bytes).
    Removing stm32f1xx_ll_rcc.o(.rev16_text), (4 bytes).
    Removing stm32f1xx_ll_rcc.o(.revsh_text), (4 bytes).
    Removing stm32f1xx_ll_rcc.o(.rrx_text), (6 bytes).
    Removing stm32f1xx_ll_rcc.o(i.LL_RCC_DeInit), (96 bytes).
    Removing stm32f1xx_ll_rcc.o(i.LL_RCC_GetADCClockFreq), (48 bytes).
    Removing stm32f1xx_ll_rcc.o(i.LL_RCC_GetUSBClockFreq), (56 bytes).
    Removing stm32f1xx_ll_utils.o(.rev16_text), (4 bytes).
    Removing stm32f1xx_ll_utils.o(.revsh_text), (4 bytes).
    Removing stm32f1xx_ll_utils.o(.rrx_text), (6 bytes).
    Removing stm32f1xx_ll_utils.o(i.LL_Init1msTick), (26 bytes).
    Removing stm32f1xx_ll_utils.o(i.LL_PLL_ConfigSystemClock_HSE), (112 bytes).
    Removing stm32f1xx_ll_utils.o(i.LL_PLL_ConfigSystemClock_HSI), (92 bytes).
    Removing stm32f1xx_ll_utils.o(i.LL_RCC_PLL_ConfigDomain_SYS), (24 bytes).
    Removing stm32f1xx_ll_utils.o(i.LL_SetSystemCoreClock), (12 bytes).
    Removing stm32f1xx_ll_utils.o(i.LL_mDelay), (30 bytes).
    Removing stm32f1xx_ll_utils.o(i.UTILS_EnablePLLAndSwitchSystem), (176 bytes).
    Removing stm32f1xx_ll_utils.o(i.UTILS_GetPLLOutputFrequency), (24 bytes).
    Removing stm32f1xx_ll_utils.o(i.UTILS_PLL_IsBusy), (24 bytes).
    Removing stm32f1xx_ll_utils.o(i.UTILS_SetFlashLatency), (72 bytes).
    Removing stm32f1xx_ll_exti.o(.rev16_text), (4 bytes).
    Removing stm32f1xx_ll_exti.o(.revsh_text), (4 bytes).
    Removing stm32f1xx_ll_exti.o(.rrx_text), (6 bytes).
    Removing stm32f1xx_ll_exti.o(i.LL_EXTI_DeInit), (40 bytes).
    Removing stm32f1xx_ll_exti.o(i.LL_EXTI_Init), (160 bytes).
    Removing stm32f1xx_ll_exti.o(i.LL_EXTI_StructInit), (14 bytes).
    Removing system_stm32f1xx.o(.rev16_text), (4 bytes).
    Removing system_stm32f1xx.o(.revsh_text), (4 bytes).
    Removing system_stm32f1xx.o(.rrx_text), (6 bytes).
    Removing system_stm32f1xx.o(i.SystemCoreClockUpdate), (104 bytes).
    Removing usbd_core.o(.rev16_text), (4 bytes).
    Removing usbd_core.o(.revsh_text), (4 bytes).
    Removing usbd_core.o(.rrx_text), (6 bytes).
    Removing usbd_core.o(i.USBD_DeInit), (38 bytes).
    Removing usbd_core.o(i.USBD_LL_DevConnected), (4 bytes).
    Removing usbd_core.o(i.USBD_LL_DevDisconnected), (22 bytes).
    Removing usbd_core.o(i.USBD_LL_IsoINIncomplete), (4 bytes).
    Removing usbd_core.o(i.USBD_LL_IsoOUTIncomplete), (4 bytes).
    Removing usbd_core.o(i.USBD_RunTestMode), (4 bytes).
    Removing usbd_core.o(i.USBD_Stop), (26 bytes).
    Removing usbd_ctlreq.o(.rev16_text), (4 bytes).
    Removing usbd_ctlreq.o(.revsh_text), (4 bytes).
    Removing usbd_ctlreq.o(.rrx_text), (6 bytes).
    Removing usbd_ioreq.o(.rev16_text), (4 bytes).
    Removing usbd_ioreq.o(.revsh_text), (4 bytes).
    Removing usbd_ioreq.o(.rrx_text), (6 bytes).
    Removing usbd_ioreq.o(i.USBD_GetRxCount), (10 bytes).
    Removing usbd_cdc.o(.rev16_text), (4 bytes).
    Removing usbd_cdc.o(.revsh_text), (4 bytes).
    Removing usbd_cdc.o(.rrx_text), (6 bytes).
    Removing usbd_cdc.o(i.USBD_CDC_TransmitPacket), (48 bytes).
    Removing fadd.o(.text), (176 bytes).
    Removing fmul.o(.text), (100 bytes).
    Removing fdiv.o(.text), (124 bytes).
    Removing fscalb.o(.text), (24 bytes).
    Removing dadd.o(.text), (334 bytes).
    Removing dmul.o(.text), (228 bytes).
    Removing ddiv.o(.text), (222 bytes).
    Removing fflti.o(.text), (18 bytes).
    Removing ffltui.o(.text), (10 bytes).
    Removing dflti.o(.text), (34 bytes).
    Removing dfltui.o(.text), (26 bytes).
    Removing f2d.o(.text), (38 bytes).
    Removing d2f.o(.text), (56 bytes).
    Removing cfcmple.o(.text), (20 bytes).
    Removing cfrcmple.o(.text), (20 bytes).
    Removing fepilogue.o(.text), (110 bytes).
    Removing depilogue.o(.text), (186 bytes).
    Removing dscalb.o(.text), (46 bytes).
    Removing dsqrt.o(.text), (162 bytes).
    Removing cdcmple.o(.text), (48 bytes).
    Removing cdrcmple.o(.text), (48 bytes).

355 unused section(s) (total 35799 bytes) removed from the image.

==============================================================================

Image Symbol Table

    Local Symbols

    Symbol Name                              Value     Ov Type        Size  Object(Section)

    ..//Src/system_stm32f1xx.c               0x00000000   Number         0  system_stm32f1xx.o ABSOLUTE
    ../Drivers/STM32F1xx_HAL_Driver/Src/stm32f1xx_hal.c 0x00000000   Number         0  stm32f1xx_hal.o ABSOLUTE
    ../Drivers/STM32F1xx_HAL_Driver/Src/stm32f1xx_hal_cortex.c 0x00000000   Number         0  stm32f1xx_hal_cortex.o ABSOLUTE
    ../Drivers/STM32F1xx_HAL_Driver/Src/stm32f1xx_hal_dma.c 0x00000000   Number         0  stm32f1xx_hal_dma.o ABSOLUTE
    ../Drivers/STM32F1xx_HAL_Driver/Src/stm32f1xx_hal_flash.c 0x00000000   Number         0  stm32f1xx_hal_flash.o ABSOLUTE
    ../Drivers/STM32F1xx_HAL_Driver/Src/stm32f1xx_hal_flash_ex.c 0x00000000   Number         0  stm32f1xx_hal_flash_ex.o ABSOLUTE
    ../Drivers/STM32F1xx_HAL_Driver/Src/stm32f1xx_hal_gpio.c 0x00000000   Number         0  stm32f1xx_hal_gpio.o ABSOLUTE
    ../Drivers/STM32F1xx_HAL_Driver/Src/stm32f1xx_hal_gpio_ex.c 0x00000000   Number         0  stm32f1xx_hal_gpio_ex.o ABSOLUTE
    ../Drivers/STM32F1xx_HAL_Driver/Src/stm32f1xx_hal_pcd.c 0x00000000   Number         0  stm32f1xx_hal_pcd.o ABSOLUTE
    ../Drivers/STM32F1xx_HAL_Driver/Src/stm32f1xx_hal_pcd_ex.c 0x00000000   Number         0  stm32f1xx_hal_pcd_ex.o ABSOLUTE
    ../Drivers/STM32F1xx_HAL_Driver/Src/stm32f1xx_hal_pwr.c 0x00000000   Number         0  stm32f1xx_hal_pwr.o ABSOLUTE
    ../Drivers/STM32F1xx_HAL_Driver/Src/stm32f1xx_hal_rcc.c 0x00000000   Number         0  stm32f1xx_hal_rcc.o ABSOLUTE
    ../Drivers/STM32F1xx_HAL_Driver/Src/stm32f1xx_hal_rcc_ex.c 0x00000000   Number         0  stm32f1xx_hal_rcc_ex.o ABSOLUTE
    ../Drivers/STM32F1xx_HAL_Driver/Src/stm32f1xx_hal_tim.c 0x00000000   Number         0  stm32f1xx_hal_tim.o ABSOLUTE
    ../Drivers/STM32F1xx_HAL_Driver/Src/stm32f1xx_hal_tim_ex.c 0x00000000   Number         0  stm32f1xx_hal_tim_ex.o ABSOLUTE
    ../Drivers/STM32F1xx_HAL_Driver/Src/stm32f1xx_ll_dma.c 0x00000000   Number         0  stm32f1xx_ll_dma.o ABSOLUTE
    ../Drivers/STM32F1xx_HAL_Driver/Src/stm32f1xx_ll_exti.c 0x00000000   Number         0  stm32f1xx_ll_exti.o ABSOLUTE
    ../Drivers/STM32F1xx_HAL_Driver/Src/stm32f1xx_ll_gpio.c 0x00000000   Number         0  stm32f1xx_ll_gpio.o ABSOLUTE
    ../Drivers/STM32F1xx_HAL_Driver/Src/stm32f1xx_ll_i2c.c 0x00000000   Number         0  stm32f1xx_ll_i2c.o ABSOLUTE
    ../Drivers/STM32F1xx_HAL_Driver/Src/stm32f1xx_ll_rcc.c 0x00000000   Number         0  stm32f1xx_ll_rcc.o ABSOLUTE
    ../Drivers/STM32F1xx_HAL_Driver/Src/stm32f1xx_ll_usb.c 0x00000000   Number         0  stm32f1xx_ll_usb.o ABSOLUTE
    ../Drivers/STM32F1xx_HAL_Driver/Src/stm32f1xx_ll_utils.c 0x00000000   Number         0  stm32f1xx_ll_utils.o ABSOLUTE
    ../Middlewares/ST/STM32_USB_Device_Library/Class/CDC/Src/usbd_cdc.c 0x00000000   Number         0  usbd_cdc.o ABSOLUTE
    ../Middlewares/ST/STM32_USB_Device_Library/Core/Src/usbd_core.c 0x00000000   Number         0  usbd_core.o ABSOLUTE
    ../Middlewares/ST/STM32_USB_Device_Library/Core/Src/usbd_ctlreq.c 0x00000000   Number         0  usbd_ctlreq.o ABSOLUTE
    ../Middlewares/ST/STM32_USB_Device_Library/Core/Src/usbd_ioreq.c 0x00000000   Number         0  usbd_ioreq.o ABSOLUTE
    ../Src/main.c                            0x00000000   Number         0  main.o ABSOLUTE
    ../Src/stm32f1xx_hal_msp.c               0x00000000   Number         0  stm32f1xx_hal_msp.o ABSOLUTE
    ../Src/stm32f1xx_it.c                    0x00000000   Number         0  stm32f1xx_it.o ABSOLUTE
    ../Src/usb_device.c                      0x00000000   Number         0  usb_device.o ABSOLUTE
    ../Src/usbd_cdc_if.c                     0x00000000   Number         0  usbd_cdc_if.o ABSOLUTE
    ../Src/usbd_conf.c                       0x00000000   Number         0  usbd_conf.o ABSOLUTE
    ../Src/usbd_desc.c                       0x00000000   Number         0  usbd_desc.o ABSOLUTE
    ../clib/../cmprslib/zerorunl2.c          0x00000000   Number         0  __dczerorl2.o ABSOLUTE
    ../clib/microlib/errno.c                 0x00000000   Number         0  errno.o ABSOLUTE
    ../clib/microlib/init/entry.s            0x00000000   Number         0  entry2.o ABSOLUTE
    ../clib/microlib/init/entry.s            0x00000000   Number         0  entry9a.o ABSOLUTE
    ../clib/microlib/init/entry.s            0x00000000   Number         0  entry9b.o ABSOLUTE
    ../clib/microlib/init/entry.s            0x00000000   Number         0  entry10b.o ABSOLUTE
    ../clib/microlib/init/entry.s            0x00000000   Number         0  entry11a.o ABSOLUTE
    ../clib/microlib/init/entry.s            0x00000000   Number         0  entry7a.o ABSOLUTE
    ../clib/microlib/init/entry.s            0x00000000   Number         0  entry7b.o ABSOLUTE
    ../clib/microlib/init/entry.s            0x00000000   Number         0  entry10a.o ABSOLUTE
    ../clib/microlib/init/entry.s            0x00000000   Number         0  entry11b.o ABSOLUTE
    ../clib/microlib/init/entry.s            0x00000000   Number         0  entry5.o ABSOLUTE
    ../clib/microlib/init/entry.s            0x00000000   Number         0  entry8a.o ABSOLUTE
    ../clib/microlib/init/entry.s            0x00000000   Number         0  entry8b.o ABSOLUTE
    ../clib/microlib/init/entry.s            0x00000000   Number         0  entry.o ABSOLUTE
    ../clib/microlib/longlong.c              0x00000000   Number         0  llsshr.o ABSOLUTE
    ../clib/microlib/longlong.c              0x00000000   Number         0  llushr.o ABSOLUTE
    ../clib/microlib/longlong.c              0x00000000   Number         0  llshl.o ABSOLUTE
    ../clib/microlib/string/memcpy.c         0x00000000   Number         0  memcpya.o ABSOLUTE
    ../clib/microlib/string/memcpy.c         0x00000000   Number         0  memcpyb.o ABSOLUTE
    ../clib/microlib/stubs.s                 0x00000000   Number         0  iusefp.o ABSOLUTE
    ../fplib/microlib/d2f.c                  0x00000000   Number         0  d2f.o ABSOLUTE
    ../fplib/microlib/f2d.c                  0x00000000   Number         0  f2d.o ABSOLUTE
    ../fplib/microlib/fpadd.c                0x00000000   Number         0  dadd.o ABSOLUTE
    ../fplib/microlib/fpadd.c                0x00000000   Number         0  fadd.o ABSOLUTE
    ../fplib/microlib/fpdiv.c                0x00000000   Number         0  ddiv.o ABSOLUTE
    ../fplib/microlib/fpdiv.c                0x00000000   Number         0  fdiv.o ABSOLUTE
    ../fplib/microlib/fpepilogue.c           0x00000000   Number         0  depilogue.o ABSOLUTE
    ../fplib/microlib/fpepilogue.c           0x00000000   Number         0  fepilogue.o ABSOLUTE
    ../fplib/microlib/fpflt.c                0x00000000   Number         0  dfltui.o ABSOLUTE
    ../fplib/microlib/fpflt.c                0x00000000   Number         0  ffltui.o ABSOLUTE
    ../fplib/microlib/fpflt.c                0x00000000   Number         0  fflti.o ABSOLUTE
    ../fplib/microlib/fpflt.c                0x00000000   Number         0  dflti.o ABSOLUTE
    ../fplib/microlib/fpmul.c                0x00000000   Number         0  dmul.o ABSOLUTE
    ../fplib/microlib/fpmul.c                0x00000000   Number         0  fmul.o ABSOLUTE
    ../fplib/microlib/fpscalb.c              0x00000000   Number         0  fscalb.o ABSOLUTE
    ../fplib/microlib/fpscalb.c              0x00000000   Number         0  dscalb.o ABSOLUTE
    ../fplib/microlib/fpsqrt.c               0x00000000   Number         0  dsqrt.o ABSOLUTE
    ../mathlib/dunder.c                      0x00000000   Number         0  dunder.o ABSOLUTE
    ../mathlib/fpclassify.c                  0x00000000   Number         0  fpclassify.o ABSOLUTE
    ../mathlib/poly.c                        0x00000000   Number         0  poly.o ABSOLUTE
    ../mathlib/pow.c                         0x00000000   Number         0  pow_x.o ABSOLUTE
    ../mathlib/pow.c                         0x00000000   Number         0  pow.o ABSOLUTE
    ../mathlib/qnan.c                        0x00000000   Number         0  qnan.o ABSOLUTE
    ../mathlib/sqrt.c                        0x00000000   Number         0  sqrt_x.o ABSOLUTE
    ../mathlib/sqrt.c                        0x00000000   Number         0  sqrt.o ABSOLUTE
    ..\Drivers\STM32F1xx_HAL_Driver\Src\stm32f1xx_hal.c 0x00000000   Number         0  stm32f1xx_hal.o ABSOLUTE
    ..\Drivers\STM32F1xx_HAL_Driver\Src\stm32f1xx_hal_cortex.c 0x00000000   Number         0  stm32f1xx_hal_cortex.o ABSOLUTE
    ..\Drivers\STM32F1xx_HAL_Driver\Src\stm32f1xx_hal_dma.c 0x00000000   Number         0  stm32f1xx_hal_dma.o ABSOLUTE
    ..\Drivers\STM32F1xx_HAL_Driver\Src\stm32f1xx_hal_flash.c 0x00000000   Number         0  stm32f1xx_hal_flash.o ABSOLUTE
    ..\Drivers\STM32F1xx_HAL_Driver\Src\stm32f1xx_hal_flash_ex.c 0x00000000   Number         0  stm32f1xx_hal_flash_ex.o ABSOLUTE
    ..\Drivers\STM32F1xx_HAL_Driver\Src\stm32f1xx_hal_gpio.c 0x00000000   Number         0  stm32f1xx_hal_gpio.o ABSOLUTE
    ..\Drivers\STM32F1xx_HAL_Driver\Src\stm32f1xx_hal_gpio_ex.c 0x00000000   Number         0  stm32f1xx_hal_gpio_ex.o ABSOLUTE
    ..\Drivers\STM32F1xx_HAL_Driver\Src\stm32f1xx_hal_pcd.c 0x00000000   Number         0  stm32f1xx_hal_pcd.o ABSOLUTE
    ..\Drivers\STM32F1xx_HAL_Driver\Src\stm32f1xx_hal_pcd_ex.c 0x00000000   Number         0  stm32f1xx_hal_pcd_ex.o ABSOLUTE
    ..\Drivers\STM32F1xx_HAL_Driver\Src\stm32f1xx_hal_pwr.c 0x00000000   Number         0  stm32f1xx_hal_pwr.o ABSOLUTE
    ..\Drivers\STM32F1xx_HAL_Driver\Src\stm32f1xx_hal_rcc.c 0x00000000   Number         0  stm32f1xx_hal_rcc.o ABSOLUTE
    ..\Drivers\STM32F1xx_HAL_Driver\Src\stm32f1xx_hal_rcc_ex.c 0x00000000   Number         0  stm32f1xx_hal_rcc_ex.o ABSOLUTE
    ..\Drivers\STM32F1xx_HAL_Driver\Src\stm32f1xx_hal_tim.c 0x00000000   Number         0  stm32f1xx_hal_tim.o ABSOLUTE
    ..\Drivers\STM32F1xx_HAL_Driver\Src\stm32f1xx_hal_tim_ex.c 0x00000000   Number         0  stm32f1xx_hal_tim_ex.o ABSOLUTE
    ..\Drivers\STM32F1xx_HAL_Driver\Src\stm32f1xx_ll_dma.c 0x00000000   Number         0  stm32f1xx_ll_dma.o ABSOLUTE
    ..\Drivers\STM32F1xx_HAL_Driver\Src\stm32f1xx_ll_exti.c 0x00000000   Number         0  stm32f1xx_ll_exti.o ABSOLUTE
    ..\Drivers\STM32F1xx_HAL_Driver\Src\stm32f1xx_ll_gpio.c 0x00000000   Number         0  stm32f1xx_ll_gpio.o ABSOLUTE
    ..\Drivers\STM32F1xx_HAL_Driver\Src\stm32f1xx_ll_i2c.c 0x00000000   Number         0  stm32f1xx_ll_i2c.o ABSOLUTE
    ..\Drivers\STM32F1xx_HAL_Driver\Src\stm32f1xx_ll_rcc.c 0x00000000   Number         0  stm32f1xx_ll_rcc.o ABSOLUTE
    ..\Drivers\STM32F1xx_HAL_Driver\Src\stm32f1xx_ll_usb.c 0x00000000   Number         0  stm32f1xx_ll_usb.o ABSOLUTE
    ..\Drivers\STM32F1xx_HAL_Driver\Src\stm32f1xx_ll_utils.c 0x00000000   Number         0  stm32f1xx_ll_utils.o ABSOLUTE
    ..\Middlewares\ST\STM32_USB_Device_Library\Class\CDC\Src\usbd_cdc.c 0x00000000   Number         0  usbd_cdc.o ABSOLUTE
    ..\Middlewares\ST\STM32_USB_Device_Library\Core\Src\usbd_core.c 0x00000000   Number         0  usbd_core.o ABSOLUTE
    ..\Middlewares\ST\STM32_USB_Device_Library\Core\Src\usbd_ctlreq.c 0x00000000   Number         0  usbd_ctlreq.o ABSOLUTE
    ..\Middlewares\ST\STM32_USB_Device_Library\Core\Src\usbd_ioreq.c 0x00000000   Number         0  usbd_ioreq.o ABSOLUTE
    ..\Src\MLX90640_API.c                    0x00000000   Number         0  mlx90640_api.o ABSOLUTE
    ..\Src\MLX90640_I2C_Driver.c             0x00000000   Number         0  mlx90640_i2c_driver.o ABSOLUTE
    ..\Src\main.c                            0x00000000   Number         0  main.o ABSOLUTE
    ..\Src\stm32f1xx_hal_msp.c               0x00000000   Number         0  stm32f1xx_hal_msp.o ABSOLUTE
    ..\Src\stm32f1xx_it.c                    0x00000000   Number         0  stm32f1xx_it.o ABSOLUTE
    ..\Src\usb_device.c                      0x00000000   Number         0  usb_device.o ABSOLUTE
    ..\Src\usbd_cdc_if.c                     0x00000000   Number         0  usbd_cdc_if.o ABSOLUTE
    ..\Src\usbd_conf.c                       0x00000000   Number         0  usbd_conf.o ABSOLUTE
    ..\Src\usbd_desc.c                       0x00000000   Number         0  usbd_desc.o ABSOLUTE
    ..\\Src\\MLX90640_I2C_Driver.c           0x00000000   Number         0  mlx90640_i2c_driver.o ABSOLUTE
    ..\\Src\system_stm32f1xx.c               0x00000000   Number         0  system_stm32f1xx.o ABSOLUTE
    cdcmple.s                                0x00000000   Number         0  cdcmple.o ABSOLUTE
    cdrcmple.s                               0x00000000   Number         0  cdrcmple.o ABSOLUTE
    cfcmple.s                                0x00000000   Number         0  cfcmple.o ABSOLUTE
    cfrcmple.s                               0x00000000   Number         0  cfrcmple.o ABSOLUTE
    dc.s                                     0x00000000   Number         0  dc.o ABSOLUTE
    handlers.s                               0x00000000   Number         0  handlers.o ABSOLUTE
    init.s                                   0x00000000   Number         0  init.o ABSOLUTE
    startup_stm32f103xb.s                    0x00000000   Number         0  startup_stm32f103xb.o ABSOLUTE
    RESET                                    0x08000000   Section      236  startup_stm32f103xb.o(RESET)
    .ARM.Collect$$$$00000000                 0x080000ec   Section        0  entry.o(.ARM.Collect$$$$00000000)
    .ARM.Collect$$$$00000001                 0x080000ec   Section        4  entry2.o(.ARM.Collect$$$$00000001)
    .ARM.Collect$$$$00000004                 0x080000f0   Section        4  entry5.o(.ARM.Collect$$$$00000004)
    .ARM.Collect$$$$00000008                 0x080000f4   Section        0  entry7b.o(.ARM.Collect$$$$00000008)
    .ARM.Collect$$$$0000000A                 0x080000f4   Section        0  entry8b.o(.ARM.Collect$$$$0000000A)
    .ARM.Collect$$$$0000000B                 0x080000f4   Section        8  entry9a.o(.ARM.Collect$$$$0000000B)
    .ARM.Collect$$$$0000000D                 0x080000fc   Section        0  entry10a.o(.ARM.Collect$$$$0000000D)
    .ARM.Collect$$$$0000000F                 0x080000fc   Section        0  entry11a.o(.ARM.Collect$$$$0000000F)
    .ARM.Collect$$$$00002712                 0x080000fc   Section        4  entry2.o(.ARM.Collect$$$$00002712)
    __lit__00000000                          0x080000fc   Data           4  entry2.o(.ARM.Collect$$$$00002712)
    .text                                    0x08000100   Section       36  startup_stm32f103xb.o(.text)
    .text                                    0x08000124   Section        0  memcpya.o(.text)
    .text                                    0x08000148   Section       36  init.o(.text)
    .text                                    0x0800016c   Section        0  __dczerorl2.o(.text)
    i.BusFault_Handler                       0x080001c2   Section        0  stm32f1xx_it.o(i.BusFault_Handler)
    i.CDC_Control_FS                         0x080001c4   Section        0  usbd_cdc_if.o(i.CDC_Control_FS)
    CDC_Control_FS                           0x080001c5   Thumb Code     4  usbd_cdc_if.o(i.CDC_Control_FS)
    i.CDC_DeInit_FS                          0x080001c8   Section        0  usbd_cdc_if.o(i.CDC_DeInit_FS)
    CDC_DeInit_FS                            0x080001c9   Thumb Code     4  usbd_cdc_if.o(i.CDC_DeInit_FS)
    i.CDC_Init_FS                            0x080001cc   Section        0  usbd_cdc_if.o(i.CDC_Init_FS)
    CDC_Init_FS                              0x080001cd   Thumb Code    24  usbd_cdc_if.o(i.CDC_Init_FS)
    i.CDC_Receive_FS                         0x080001f0   Section        0  usbd_cdc_if.o(i.CDC_Receive_FS)
    CDC_Receive_FS                           0x080001f1   Thumb Code    20  usbd_cdc_if.o(i.CDC_Receive_FS)
    i.DebugMon_Handler                       0x08000208   Section        0  stm32f1xx_it.o(i.DebugMon_Handler)
    i.HAL_GetTick                            0x0800020c   Section        0  stm32f1xx_hal.o(i.HAL_GetTick)
    i.HAL_IncTick                            0x08000218   Section        0  stm32f1xx_hal.o(i.HAL_IncTick)
    i.HAL_Init                               0x08000228   Section        0  stm32f1xx_hal.o(i.HAL_Init)
    i.HAL_InitTick                           0x0800024c   Section        0  stm32f1xx_hal.o(i.HAL_InitTick)
    i.HAL_MspInit                            0x0800028c   Section        0  stm32f1xx_hal_msp.o(i.HAL_MspInit)
    i.HAL_NVIC_EnableIRQ                     0x0800031c   Section        0  stm32f1xx_hal_cortex.o(i.HAL_NVIC_EnableIRQ)
    i.HAL_NVIC_SetPriority                   0x08000334   Section        0  stm32f1xx_hal_cortex.o(i.HAL_NVIC_SetPriority)
    i.HAL_NVIC_SetPriorityGrouping           0x08000374   Section        0  stm32f1xx_hal_cortex.o(i.HAL_NVIC_SetPriorityGrouping)
    i.HAL_PCDEx_PMAConfig                    0x08000398   Section        0  stm32f1xx_hal_pcd_ex.o(i.HAL_PCDEx_PMAConfig)
    i.HAL_PCDEx_SetConnectionState           0x080003cc   Section        0  usbd_conf.o(i.HAL_PCDEx_SetConnectionState)
    i.HAL_PCD_DataInStageCallback            0x080003ce   Section        0  usbd_conf.o(i.HAL_PCD_DataInStageCallback)
    i.HAL_PCD_DataOutStageCallback           0x080003dc   Section        0  usbd_conf.o(i.HAL_PCD_DataOutStageCallback)
    i.HAL_PCD_EP_Close                       0x080003ec   Section        0  stm32f1xx_hal_pcd.o(i.HAL_PCD_EP_Close)
    i.HAL_PCD_EP_ClrStall                    0x0800042c   Section        0  stm32f1xx_hal_pcd.o(i.HAL_PCD_EP_ClrStall)
    i.HAL_PCD_EP_GetRxCount                  0x08000474   Section        0  stm32f1xx_hal_pcd.o(i.HAL_PCD_EP_GetRxCount)
    i.HAL_PCD_EP_Open                        0x08000484   Section        0  stm32f1xx_hal_pcd.o(i.HAL_PCD_EP_Open)
    i.HAL_PCD_EP_Receive                     0x080004c8   Section        0  stm32f1xx_hal_pcd.o(i.HAL_PCD_EP_Receive)
    i.HAL_PCD_EP_SetStall                    0x080004f6   Section        0  stm32f1xx_hal_pcd.o(i.HAL_PCD_EP_SetStall)
    i.HAL_PCD_EP_Transmit                    0x0800054c   Section        0  stm32f1xx_hal_pcd.o(i.HAL_PCD_EP_Transmit)
    i.HAL_PCD_IRQHandler                     0x08000576   Section        0  stm32f1xx_hal_pcd.o(i.HAL_PCD_IRQHandler)
    i.HAL_PCD_Init                           0x08000684   Section        0  stm32f1xx_hal_pcd.o(i.HAL_PCD_Init)
    i.HAL_PCD_MspInit                        0x08000744   Section        0  usbd_conf.o(i.HAL_PCD_MspInit)
    i.HAL_PCD_ResetCallback                  0x08000780   Section        0  usbd_conf.o(i.HAL_PCD_ResetCallback)
    i.HAL_PCD_ResumeCallback                 0x0800079a   Section        0  usbd_conf.o(i.HAL_PCD_ResumeCallback)
    i.HAL_PCD_SOFCallback                    0x080007a2   Section        0  usbd_conf.o(i.HAL_PCD_SOFCallback)
    i.HAL_PCD_SetAddress                     0x080007aa   Section        0  stm32f1xx_hal_pcd.o(i.HAL_PCD_SetAddress)
    i.HAL_PCD_SetupStageCallback             0x080007d2   Section        0  usbd_conf.o(i.HAL_PCD_SetupStageCallback)
    i.HAL_PCD_Start                          0x080007e0   Section        0  stm32f1xx_hal_pcd.o(i.HAL_PCD_Start)
    i.HAL_PCD_SuspendCallback                0x08000814   Section        0  usbd_conf.o(i.HAL_PCD_SuspendCallback)
    i.HAL_RCCEx_PeriphCLKConfig              0x08000838   Section        0  stm32f1xx_hal_rcc_ex.o(i.HAL_RCCEx_PeriphCLKConfig)
    i.HAL_RCC_ClockConfig                    0x08000924   Section        0  stm32f1xx_hal_rcc.o(i.HAL_RCC_ClockConfig)
    i.HAL_RCC_GetHCLKFreq                    0x08000a78   Section        0  stm32f1xx_hal_rcc.o(i.HAL_RCC_GetHCLKFreq)
    i.HAL_RCC_GetSysClockFreq                0x08000a84   Section        0  stm32f1xx_hal_rcc.o(i.HAL_RCC_GetSysClockFreq)
    i.HAL_RCC_OscConfig                      0x08000af0   Section        0  stm32f1xx_hal_rcc.o(i.HAL_RCC_OscConfig)
    i.HAL_SYSTICK_CLKSourceConfig            0x08000df4   Section        0  stm32f1xx_hal_cortex.o(i.HAL_SYSTICK_CLKSourceConfig)
    i.HAL_SYSTICK_Callback                   0x08000e0c   Section        0  stm32f1xx_hal_cortex.o(i.HAL_SYSTICK_Callback)
    i.HAL_SYSTICK_Config                     0x08000e0e   Section        0  stm32f1xx_hal_cortex.o(i.HAL_SYSTICK_Config)
    i.HAL_SYSTICK_IRQHandler                 0x08000e36   Section        0  stm32f1xx_hal_cortex.o(i.HAL_SYSTICK_IRQHandler)
    i.HardFault_Handler                      0x08000e3e   Section        0  stm32f1xx_it.o(i.HardFault_Handler)
    i.LL_GPIO_Init                           0x08000e40   Section        0  stm32f1xx_ll_gpio.o(i.LL_GPIO_Init)
    i.LL_I2C_ConfigSpeed                     0x08000f30   Section        0  stm32f1xx_ll_i2c.o(i.LL_I2C_ConfigSpeed)
    LL_I2C_ConfigSpeed                       0x08000f31   Thumb Code   134  stm32f1xx_ll_i2c.o(i.LL_I2C_ConfigSpeed)
    i.LL_I2C_Init                            0x08000fc0   Section        0  stm32f1xx_ll_i2c.o(i.LL_I2C_Init)
    i.LL_RCC_GetSystemClocksFreq             0x08001018   Section        0  stm32f1xx_ll_rcc.o(i.LL_RCC_GetSystemClocksFreq)
    i.MLX90640_I2CReadWord                   0x08001038   Section        0  mlx90640_i2c_driver.o(i.MLX90640_I2CReadWord)
    i.MX_I2C1_Init                           0x08001134   Section        0  main.o(i.MX_I2C1_Init)
    MX_I2C1_Init                             0x08001135   Thumb Code   122  main.o(i.MX_I2C1_Init)
    i.MX_USB_DEVICE_Init                     0x080011c8   Section        0  usb_device.o(i.MX_USB_DEVICE_Init)
    i.MemManage_Handler                      0x08001200   Section        0  stm32f1xx_it.o(i.MemManage_Handler)
    i.NMI_Handler                            0x08001202   Section        0  stm32f1xx_it.o(i.NMI_Handler)
    i.NVIC_SetPriority                       0x08001204   Section        0  stm32f1xx_hal_cortex.o(i.NVIC_SetPriority)
    NVIC_SetPriority                         0x08001205   Thumb Code    32  stm32f1xx_hal_cortex.o(i.NVIC_SetPriority)
    i.PCD_EP_ISR_Handler                     0x08001224   Section        0  stm32f1xx_hal_pcd.o(i.PCD_EP_ISR_Handler)
    PCD_EP_ISR_Handler                       0x08001225   Thumb Code   866  stm32f1xx_hal_pcd.o(i.PCD_EP_ISR_Handler)
    i.PendSV_Handler                         0x08001586   Section        0  stm32f1xx_it.o(i.PendSV_Handler)
    i.RCC_GetHCLKClockFreq                   0x08001588   Section        0  stm32f1xx_ll_rcc.o(i.RCC_GetHCLKClockFreq)
    i.RCC_GetPCLK1ClockFreq                  0x080015a4   Section        0  stm32f1xx_ll_rcc.o(i.RCC_GetPCLK1ClockFreq)
    i.RCC_GetPCLK2ClockFreq                  0x080015c0   Section        0  stm32f1xx_ll_rcc.o(i.RCC_GetPCLK2ClockFreq)
    i.RCC_GetSystemClockFreq                 0x080015dc   Section        0  stm32f1xx_ll_rcc.o(i.RCC_GetSystemClockFreq)
    i.RCC_PLL_GetFreqDomain_SYS              0x08001600   Section        0  stm32f1xx_ll_rcc.o(i.RCC_PLL_GetFreqDomain_SYS)
    i.SVC_Handler                            0x0800163c   Section        0  stm32f1xx_it.o(i.SVC_Handler)
    i.SysTick_Handler                        0x0800163e   Section        0  stm32f1xx_it.o(i.SysTick_Handler)
    i.SystemClock_Config                     0x0800164c   Section        0  main.o(i.SystemClock_Config)
    i.SystemInit                             0x080016c4   Section        0  system_stm32f1xx.o(i.SystemInit)
    i.USBD_CDC_DataIn                        0x0800170c   Section        0  usbd_cdc.o(i.USBD_CDC_DataIn)
    USBD_CDC_DataIn                          0x0800170d   Thumb Code    20  usbd_cdc.o(i.USBD_CDC_DataIn)
    i.USBD_CDC_DataOut                       0x08001720   Section        0  usbd_cdc.o(i.USBD_CDC_DataOut)
    USBD_CDC_DataOut                         0x08001721   Thumb Code    46  usbd_cdc.o(i.USBD_CDC_DataOut)
    i.USBD_CDC_DeInit                        0x0800174e   Section        0  usbd_cdc.o(i.USBD_CDC_DeInit)
    USBD_CDC_DeInit                          0x0800174f   Thumb Code    60  usbd_cdc.o(i.USBD_CDC_DeInit)
    i.USBD_CDC_EP0_RxReady                   0x0800178a   Section        0  usbd_cdc.o(i.USBD_CDC_EP0_RxReady)
    USBD_CDC_EP0_RxReady                     0x0800178b   Thumb Code    36  usbd_cdc.o(i.USBD_CDC_EP0_RxReady)
    i.USBD_CDC_GetDeviceQualifierDescriptor  0x080017b0   Section        0  usbd_cdc.o(i.USBD_CDC_GetDeviceQualifierDescriptor)
    i.USBD_CDC_GetFSCfgDesc                  0x080017bc   Section        0  usbd_cdc.o(i.USBD_CDC_GetFSCfgDesc)
    USBD_CDC_GetFSCfgDesc                    0x080017bd   Thumb Code     8  usbd_cdc.o(i.USBD_CDC_GetFSCfgDesc)
    i.USBD_CDC_GetHSCfgDesc                  0x080017c8   Section        0  usbd_cdc.o(i.USBD_CDC_GetHSCfgDesc)
    USBD_CDC_GetHSCfgDesc                    0x080017c9   Thumb Code     8  usbd_cdc.o(i.USBD_CDC_GetHSCfgDesc)
    i.USBD_CDC_GetOtherSpeedCfgDesc          0x080017d4   Section        0  usbd_cdc.o(i.USBD_CDC_GetOtherSpeedCfgDesc)
    USBD_CDC_GetOtherSpeedCfgDesc            0x080017d5   Thumb Code     8  usbd_cdc.o(i.USBD_CDC_GetOtherSpeedCfgDesc)
    i.USBD_CDC_Init                          0x080017e0   Section        0  usbd_cdc.o(i.USBD_CDC_Init)
    USBD_CDC_Init                            0x080017e1   Thumb Code   136  usbd_cdc.o(i.USBD_CDC_Init)
    i.USBD_CDC_ReceivePacket                 0x08001868   Section        0  usbd_cdc.o(i.USBD_CDC_ReceivePacket)
    i.USBD_CDC_RegisterInterface             0x08001890   Section        0  usbd_cdc.o(i.USBD_CDC_RegisterInterface)
    i.USBD_CDC_SetRxBuffer                   0x080018a0   Section        0  usbd_cdc.o(i.USBD_CDC_SetRxBuffer)
    i.USBD_CDC_SetTxBuffer                   0x080018ac   Section        0  usbd_cdc.o(i.USBD_CDC_SetTxBuffer)
    i.USBD_CDC_Setup                         0x080018bc   Section        0  usbd_cdc.o(i.USBD_CDC_Setup)
    USBD_CDC_Setup                           0x080018bd   Thumb Code   106  usbd_cdc.o(i.USBD_CDC_Setup)
    i.USBD_ClrClassConfig                    0x0800192c   Section        0  usbd_core.o(i.USBD_ClrClassConfig)
    i.USBD_CtlContinueRx                     0x0800193a   Section        0  usbd_ioreq.o(i.USBD_CtlContinueRx)
    i.USBD_CtlContinueSendData               0x0800194a   Section        0  usbd_ioreq.o(i.USBD_CtlContinueSendData)
    i.USBD_CtlError                          0x0800195a   Section        0  usbd_ctlreq.o(i.USBD_CtlError)
    i.USBD_CtlPrepareRx                      0x08001970   Section        0  usbd_ioreq.o(i.USBD_CtlPrepareRx)
    i.USBD_CtlReceiveStatus                  0x0800198e   Section        0  usbd_ioreq.o(i.USBD_CtlReceiveStatus)
    i.USBD_CtlSendData                       0x080019a4   Section        0  usbd_ioreq.o(i.USBD_CtlSendData)
    i.USBD_CtlSendStatus                     0x080019be   Section        0  usbd_ioreq.o(i.USBD_CtlSendStatus)
    i.USBD_FS_ConfigStrDescriptor            0x080019d4   Section        0  usbd_desc.o(i.USBD_FS_ConfigStrDescriptor)
    i.USBD_FS_DeviceDescriptor               0x080019f4   Section        0  usbd_desc.o(i.USBD_FS_DeviceDescriptor)
    i.USBD_FS_InterfaceStrDescriptor         0x08001a00   Section        0  usbd_desc.o(i.USBD_FS_InterfaceStrDescriptor)
    i.USBD_FS_LangIDStrDescriptor            0x08001a24   Section        0  usbd_desc.o(i.USBD_FS_LangIDStrDescriptor)
    i.USBD_FS_ManufacturerStrDescriptor      0x08001a30   Section        0  usbd_desc.o(i.USBD_FS_ManufacturerStrDescriptor)
    i.USBD_FS_ProductStrDescriptor           0x08001a5c   Section        0  usbd_desc.o(i.USBD_FS_ProductStrDescriptor)
    i.USBD_FS_SerialStrDescriptor            0x08001a80   Section        0  usbd_desc.o(i.USBD_FS_SerialStrDescriptor)
    i.USBD_GetDescriptor                     0x08001aa4   Section        0  usbd_ctlreq.o(i.USBD_GetDescriptor)
    USBD_GetDescriptor                       0x08001aa5   Thumb Code   224  usbd_ctlreq.o(i.USBD_GetDescriptor)
    i.USBD_GetString                         0x08001b84   Section        0  usbd_ctlreq.o(i.USBD_GetString)
    i.USBD_Init                              0x08001bca   Section        0  usbd_core.o(i.USBD_Init)
    i.USBD_LL_ClearStallEP                   0x08001bf4   Section        0  usbd_conf.o(i.USBD_LL_ClearStallEP)
    i.USBD_LL_CloseEP                        0x08001c14   Section        0  usbd_conf.o(i.USBD_LL_CloseEP)
    i.USBD_LL_DataInStage                    0x08001c34   Section        0  usbd_core.o(i.USBD_LL_DataInStage)
    i.USBD_LL_DataOutStage                   0x08001cde   Section        0  usbd_core.o(i.USBD_LL_DataOutStage)
    i.USBD_LL_GetRxDataSize                  0x08001d48   Section        0  usbd_conf.o(i.USBD_LL_GetRxDataSize)
    i.USBD_LL_Init                           0x08001d50   Section        0  usbd_conf.o(i.USBD_LL_Init)
    i.USBD_LL_IsStallEP                      0x08001df0   Section        0  usbd_conf.o(i.USBD_LL_IsStallEP)
    i.USBD_LL_OpenEP                         0x08001e0c   Section        0  usbd_conf.o(i.USBD_LL_OpenEP)
    i.USBD_LL_PrepareReceive                 0x08001e32   Section        0  usbd_conf.o(i.USBD_LL_PrepareReceive)
    i.USBD_LL_Reset                          0x08001e52   Section        0  usbd_core.o(i.USBD_LL_Reset)
    i.USBD_LL_Resume                         0x08001e90   Section        0  usbd_core.o(i.USBD_LL_Resume)
    i.USBD_LL_SOF                            0x08001e9c   Section        0  usbd_core.o(i.USBD_LL_SOF)
    i.USBD_LL_SetSpeed                       0x08001eb4   Section        0  usbd_core.o(i.USBD_LL_SetSpeed)
    i.USBD_LL_SetUSBAddress                  0x08001eba   Section        0  usbd_conf.o(i.USBD_LL_SetUSBAddress)
    i.USBD_LL_SetupStage                     0x08001eda   Section        0  usbd_core.o(i.USBD_LL_SetupStage)
    i.USBD_LL_StallEP                        0x08001f34   Section        0  usbd_conf.o(i.USBD_LL_StallEP)
    i.USBD_LL_Start                          0x08001f54   Section        0  usbd_conf.o(i.USBD_LL_Start)
    i.USBD_LL_Suspend                        0x08001f74   Section        0  usbd_core.o(i.USBD_LL_Suspend)
    i.USBD_LL_Transmit                       0x08001f86   Section        0  usbd_conf.o(i.USBD_LL_Transmit)
    i.USBD_ParseSetupRequest                 0x08001fa6   Section        0  usbd_ctlreq.o(i.USBD_ParseSetupRequest)
    i.USBD_RegisterClass                     0x08001fce   Section        0  usbd_core.o(i.USBD_RegisterClass)
    i.USBD_SetClassConfig                    0x08001fde   Section        0  usbd_core.o(i.USBD_SetClassConfig)
    i.USBD_SetConfig                         0x08001ff4   Section        0  usbd_ctlreq.o(i.USBD_SetConfig)
    USBD_SetConfig                           0x08001ff5   Thumb Code   110  usbd_ctlreq.o(i.USBD_SetConfig)
    i.USBD_Start                             0x08002068   Section        0  usbd_core.o(i.USBD_Start)
    i.USBD_StdDevReq                         0x08002072   Section        0  usbd_ctlreq.o(i.USBD_StdDevReq)
    i.USBD_StdEPReq                          0x08002164   Section        0  usbd_ctlreq.o(i.USBD_StdEPReq)
    i.USBD_StdItfReq                         0x08002240   Section        0  usbd_ctlreq.o(i.USBD_StdItfReq)
    i.USBD_static_free                       0x08002274   Section        0  usbd_conf.o(i.USBD_static_free)
    i.USBD_static_malloc                     0x08002278   Section        0  usbd_conf.o(i.USBD_static_malloc)
    i.USB_ActivateEndpoint                   0x08002280   Section        0  stm32f1xx_ll_usb.o(i.USB_ActivateEndpoint)
    i.USB_CoreInit                           0x080024dc   Section        0  stm32f1xx_ll_usb.o(i.USB_CoreInit)
    i.USB_DeactivateEndpoint                 0x080024e0   Section        0  stm32f1xx_ll_usb.o(i.USB_DeactivateEndpoint)
    i.USB_DevConnect                         0x08002604   Section        0  stm32f1xx_ll_usb.o(i.USB_DevConnect)
    i.USB_DevDisconnect                      0x08002608   Section        0  stm32f1xx_ll_usb.o(i.USB_DevDisconnect)
    i.USB_DevInit                            0x0800260c   Section        0  stm32f1xx_ll_usb.o(i.USB_DevInit)
    i.USB_DisableGlobalInt                   0x0800262a   Section        0  stm32f1xx_ll_usb.o(i.USB_DisableGlobalInt)
    i.USB_EP0_OutStart                       0x08002638   Section        0  stm32f1xx_ll_usb.o(i.USB_EP0_OutStart)
    i.USB_EPClearStall                       0x0800263c   Section        0  stm32f1xx_ll_usb.o(i.USB_EPClearStall)
    i.USB_EPSetStall                         0x080026a6   Section        0  stm32f1xx_ll_usb.o(i.USB_EPSetStall)
    i.USB_EPStartXfer                        0x080026f0   Section        0  stm32f1xx_ll_usb.o(i.USB_EPStartXfer)
    i.USB_EnableGlobalInt                    0x0800289a   Section        0  stm32f1xx_ll_usb.o(i.USB_EnableGlobalInt)
    i.USB_LP_CAN1_RX0_IRQHandler             0x080028a8   Section        0  stm32f1xx_it.o(i.USB_LP_CAN1_RX0_IRQHandler)
    i.USB_ReadInterrupts                     0x080028b4   Section        0  stm32f1xx_ll_usb.o(i.USB_ReadInterrupts)
    i.USB_ReadPMA                            0x080028bc   Section        0  stm32f1xx_ll_usb.o(i.USB_ReadPMA)
    i.USB_SetCurrentMode                     0x080028da   Section        0  stm32f1xx_ll_usb.o(i.USB_SetCurrentMode)
    i.USB_SetDevAddress                      0x080028de   Section        0  stm32f1xx_ll_usb.o(i.USB_SetDevAddress)
    i.USB_WritePMA                           0x080028ea   Section        0  stm32f1xx_ll_usb.o(i.USB_WritePMA)
    i.UsageFault_Handler                     0x08002910   Section        0  stm32f1xx_it.o(i.UsageFault_Handler)
    i._Error_Handler                         0x08002912   Section        0  main.o(i._Error_Handler)
    i.__scatterload_copy                     0x08002914   Section       14  handlers.o(i.__scatterload_copy)
    i.__scatterload_null                     0x08002922   Section        2  handlers.o(i.__scatterload_null)
    i.__scatterload_zeroinit                 0x08002924   Section       14  handlers.o(i.__scatterload_zeroinit)
    i.main                                   0x08002934   Section        0  main.o(i.main)
    .constdata                               0x080029a8   Section       16  system_stm32f1xx.o(.constdata)
    .constdata                               0x080029b8   Section        8  system_stm32f1xx.o(.constdata)
    .data                                    0x20000000   Section       28  usbd_desc.o(.data)
    .data                                    0x2000001c   Section       22  usbd_desc.o(.data)
    .data                                    0x20000034   Section       16  usbd_cdc_if.o(.data)
    .data                                    0x20000044   Section       12  stm32f1xx_hal.o(.data)
    .data                                    0x20000050   Section        4  system_stm32f1xx.o(.data)
    .data                                    0x20000054   Section        1  usbd_ctlreq.o(.data)
    cfgidx                                   0x20000054   Data           1  usbd_ctlreq.o(.data)
    .data                                    0x20000058   Section      219  usbd_cdc.o(.data)
    ifalt                                    0x20000058   Data           1  usbd_cdc.o(.data)
    USBD_CDC_DeviceQualifierDesc             0x2000005c   Data          10  usbd_cdc.o(.data)
    .data                                    0x20000134   Section       56  usbd_cdc.o(.data)
    .bss                                     0x2000016c   Section      548  usb_device.o(.bss)
    .bss                                     0x20000390   Section     1664  usbd_conf.o(.bss)
    mem                                      0x20000390   Data         544  usbd_conf.o(.bss)
    .bss                                     0x20000a10   Section      512  usbd_desc.o(.bss)
    .bss                                     0x20000c10   Section     1024  usbd_cdc_if.o(.bss)
    STACK                                    0x20001010   Section     1280  startup_stm32f103xb.o(STACK)

    Global Symbols

    Symbol Name                              Value     Ov Type        Size  Object(Section)

    BuildAttributes$$THM_ISAv4$P$D$K$B$S$PE$A:L22UL41UL21$X:L11$S22US41US21$IEEE1$IW$USESV6$~STKCKD$USESV7$~SHL$OTIME$ROPI$IEEEX$EBA8$MICROLIB$REQ8$PRES8$EABIv2 0x00000000   Number         0  anon$$obj.o ABSOLUTE
    __ARM_use_no_argv                        0x00000000   Number         0  main.o ABSOLUTE
    __cpp_initialize__aeabi_                  - Undefined Weak Reference
    __cxa_finalize                            - Undefined Weak Reference
    _clock_init                               - Undefined Weak Reference
    _microlib_exit                            - Undefined Weak Reference
    __Vectors_Size                           0x000000ec   Number         0  startup_stm32f103xb.o ABSOLUTE
    __Vectors                                0x08000000   Data           4  startup_stm32f103xb.o(RESET)
    __Vectors_End                            0x080000ec   Data           0  startup_stm32f103xb.o(RESET)
    __main                                   0x080000ed   Thumb Code     0  entry.o(.ARM.Collect$$$$00000000)
    _main_stk                                0x080000ed   Thumb Code     0  entry2.o(.ARM.Collect$$$$00000001)
    _main_scatterload                        0x080000f1   Thumb Code     0  entry5.o(.ARM.Collect$$$$00000004)
    __main_after_scatterload                 0x080000f5   Thumb Code     0  entry5.o(.ARM.Collect$$$$00000004)
    _main_clock                              0x080000f5   Thumb Code     0  entry7b.o(.ARM.Collect$$$$00000008)
    _main_cpp_init                           0x080000f5   Thumb Code     0  entry8b.o(.ARM.Collect$$$$0000000A)
    _main_init                               0x080000f5   Thumb Code     0  entry9a.o(.ARM.Collect$$$$0000000B)
    __rt_final_cpp                           0x080000fd   Thumb Code     0  entry10a.o(.ARM.Collect$$$$0000000D)
    __rt_final_exit                          0x080000fd   Thumb Code     0  entry11a.o(.ARM.Collect$$$$0000000F)
    Reset_Handler                            0x08000101   Thumb Code     8  startup_stm32f103xb.o(.text)
    ADC1_2_IRQHandler                        0x0800011b   Thumb Code     0  startup_stm32f103xb.o(.text)
    CAN1_RX1_IRQHandler                      0x0800011b   Thumb Code     0  startup_stm32f103xb.o(.text)
    CAN1_SCE_IRQHandler                      0x0800011b   Thumb Code     0  startup_stm32f103xb.o(.text)
    DMA1_Channel1_IRQHandler                 0x0800011b   Thumb Code     0  startup_stm32f103xb.o(.text)
    DMA1_Channel2_IRQHandler                 0x0800011b   Thumb Code     0  startup_stm32f103xb.o(.text)
    DMA1_Channel3_IRQHandler                 0x0800011b   Thumb Code     0  startup_stm32f103xb.o(.text)
    DMA1_Channel4_IRQHandler                 0x0800011b   Thumb Code     0  startup_stm32f103xb.o(.text)
    DMA1_Channel5_IRQHandler                 0x0800011b   Thumb Code     0  startup_stm32f103xb.o(.text)
    DMA1_Channel6_IRQHandler                 0x0800011b   Thumb Code     0  startup_stm32f103xb.o(.text)
    DMA1_Channel7_IRQHandler                 0x0800011b   Thumb Code     0  startup_stm32f103xb.o(.text)
    EXTI0_IRQHandler                         0x0800011b   Thumb Code     0  startup_stm32f103xb.o(.text)
    EXTI15_10_IRQHandler                     0x0800011b   Thumb Code     0  startup_stm32f103xb.o(.text)
    EXTI1_IRQHandler                         0x0800011b   Thumb Code     0  startup_stm32f103xb.o(.text)
    EXTI2_IRQHandler                         0x0800011b   Thumb Code     0  startup_stm32f103xb.o(.text)
    EXTI3_IRQHandler                         0x0800011b   Thumb Code     0  startup_stm32f103xb.o(.text)
    EXTI4_IRQHandler                         0x0800011b   Thumb Code     0  startup_stm32f103xb.o(.text)
    EXTI9_5_IRQHandler                       0x0800011b   Thumb Code     0  startup_stm32f103xb.o(.text)
    FLASH_IRQHandler                         0x0800011b   Thumb Code     0  startup_stm32f103xb.o(.text)
    I2C1_ER_IRQHandler                       0x0800011b   Thumb Code     0  startup_stm32f103xb.o(.text)
    I2C1_EV_IRQHandler                       0x0800011b   Thumb Code     0  startup_stm32f103xb.o(.text)
    I2C2_ER_IRQHandler                       0x0800011b   Thumb Code     0  startup_stm32f103xb.o(.text)
    I2C2_EV_IRQHandler                       0x0800011b   Thumb Code     0  startup_stm32f103xb.o(.text)
    PVD_IRQHandler                           0x0800011b   Thumb Code     0  startup_stm32f103xb.o(.text)
    RCC_IRQHandler                           0x0800011b   Thumb Code     0  startup_stm32f103xb.o(.text)
    RTC_Alarm_IRQHandler                     0x0800011b   Thumb Code     0  startup_stm32f103xb.o(.text)
    RTC_IRQHandler                           0x0800011b   Thumb Code     0  startup_stm32f103xb.o(.text)
    SPI1_IRQHandler                          0x0800011b   Thumb Code     0  startup_stm32f103xb.o(.text)
    SPI2_IRQHandler                          0x0800011b   Thumb Code     0  startup_stm32f103xb.o(.text)
    TAMPER_IRQHandler                        0x0800011b   Thumb Code     0  startup_stm32f103xb.o(.text)
    TIM1_BRK_IRQHandler                      0x0800011b   Thumb Code     0  startup_stm32f103xb.o(.text)
    TIM1_CC_IRQHandler                       0x0800011b   Thumb Code     0  startup_stm32f103xb.o(.text)
    TIM1_TRG_COM_IRQHandler                  0x0800011b   Thumb Code     0  startup_stm32f103xb.o(.text)
    TIM1_UP_IRQHandler                       0x0800011b   Thumb Code     0  startup_stm32f103xb.o(.text)
    TIM2_IRQHandler                          0x0800011b   Thumb Code     0  startup_stm32f103xb.o(.text)
    TIM3_IRQHandler                          0x0800011b   Thumb Code     0  startup_stm32f103xb.o(.text)
    TIM4_IRQHandler                          0x0800011b   Thumb Code     0  startup_stm32f103xb.o(.text)
    USART1_IRQHandler                        0x0800011b   Thumb Code     0  startup_stm32f103xb.o(.text)
    USART2_IRQHandler                        0x0800011b   Thumb Code     0  startup_stm32f103xb.o(.text)
    USART3_IRQHandler                        0x0800011b   Thumb Code     0  startup_stm32f103xb.o(.text)
    USBWakeUp_IRQHandler                     0x0800011b   Thumb Code     0  startup_stm32f103xb.o(.text)
    USB_HP_CAN1_TX_IRQHandler                0x0800011b   Thumb Code     0  startup_stm32f103xb.o(.text)
    WWDG_IRQHandler                          0x0800011b   Thumb Code     0  startup_stm32f103xb.o(.text)
    __aeabi_memcpy                           0x08000125   Thumb Code    36  memcpya.o(.text)
    __aeabi_memcpy4                          0x08000125   Thumb Code     0  memcpya.o(.text)
    __aeabi_memcpy8                          0x08000125   Thumb Code     0  memcpya.o(.text)
    __scatterload                            0x08000149   Thumb Code    28  init.o(.text)
    __scatterload_rt2                        0x08000149   Thumb Code     0  init.o(.text)
    __decompress                             0x0800016d   Thumb Code     0  __dczerorl2.o(.text)
    __decompress1                            0x0800016d   Thumb Code    86  __dczerorl2.o(.text)
    BusFault_Handler                         0x080001c3   Thumb Code     2  stm32f1xx_it.o(i.BusFault_Handler)
    DebugMon_Handler                         0x08000209   Thumb Code     2  stm32f1xx_it.o(i.DebugMon_Handler)
    HAL_GetTick                              0x0800020d   Thumb Code     6  stm32f1xx_hal.o(i.HAL_GetTick)
    HAL_IncTick                              0x08000219   Thumb Code    12  stm32f1xx_hal.o(i.HAL_IncTick)
    HAL_Init                                 0x08000229   Thumb Code    32  stm32f1xx_hal.o(i.HAL_Init)
    HAL_InitTick                             0x0800024d   Thumb Code    54  stm32f1xx_hal.o(i.HAL_InitTick)
    HAL_MspInit                              0x0800028d   Thumb Code   134  stm32f1xx_hal_msp.o(i.HAL_MspInit)
    HAL_NVIC_EnableIRQ                       0x0800031d   Thumb Code    22  stm32f1xx_hal_cortex.o(i.HAL_NVIC_EnableIRQ)
    HAL_NVIC_SetPriority                     0x08000335   Thumb Code    60  stm32f1xx_hal_cortex.o(i.HAL_NVIC_SetPriority)
    HAL_NVIC_SetPriorityGrouping             0x08000375   Thumb Code    26  stm32f1xx_hal_cortex.o(i.HAL_NVIC_SetPriorityGrouping)
    HAL_PCDEx_PMAConfig                      0x08000399   Thumb Code    52  stm32f1xx_hal_pcd_ex.o(i.HAL_PCDEx_PMAConfig)
    HAL_PCDEx_SetConnectionState             0x080003cd   Thumb Code     2  usbd_conf.o(i.HAL_PCDEx_SetConnectionState)
    HAL_PCD_DataInStageCallback              0x080003cf   Thumb Code    14  usbd_conf.o(i.HAL_PCD_DataInStageCallback)
    HAL_PCD_DataOutStageCallback             0x080003dd   Thumb Code    16  usbd_conf.o(i.HAL_PCD_DataOutStageCallback)
    HAL_PCD_EP_Close                         0x080003ed   Thumb Code    64  stm32f1xx_hal_pcd.o(i.HAL_PCD_EP_Close)
    HAL_PCD_EP_ClrStall                      0x0800042d   Thumb Code    72  stm32f1xx_hal_pcd.o(i.HAL_PCD_EP_ClrStall)
    HAL_PCD_EP_GetRxCount                    0x08000475   Thumb Code    16  stm32f1xx_hal_pcd.o(i.HAL_PCD_EP_GetRxCount)
    HAL_PCD_EP_Open                          0x08000485   Thumb Code    68  stm32f1xx_hal_pcd.o(i.HAL_PCD_EP_Open)
    HAL_PCD_EP_Receive                       0x080004c9   Thumb Code    46  stm32f1xx_hal_pcd.o(i.HAL_PCD_EP_Receive)
    HAL_PCD_EP_SetStall                      0x080004f7   Thumb Code    86  stm32f1xx_hal_pcd.o(i.HAL_PCD_EP_SetStall)
    HAL_PCD_EP_Transmit                      0x0800054d   Thumb Code    42  stm32f1xx_hal_pcd.o(i.HAL_PCD_EP_Transmit)
    HAL_PCD_IRQHandler                       0x08000577   Thumb Code   268  stm32f1xx_hal_pcd.o(i.HAL_PCD_IRQHandler)
    HAL_PCD_Init                             0x08000685   Thumb Code   192  stm32f1xx_hal_pcd.o(i.HAL_PCD_Init)
    HAL_PCD_MspInit                          0x08000745   Thumb Code    50  usbd_conf.o(i.HAL_PCD_MspInit)
    HAL_PCD_ResetCallback                    0x08000781   Thumb Code    26  usbd_conf.o(i.HAL_PCD_ResetCallback)
    HAL_PCD_ResumeCallback                   0x0800079b   Thumb Code     8  usbd_conf.o(i.HAL_PCD_ResumeCallback)
    HAL_PCD_SOFCallback                      0x080007a3   Thumb Code     8  usbd_conf.o(i.HAL_PCD_SOFCallback)
    HAL_PCD_SetAddress                       0x080007ab   Thumb Code    40  stm32f1xx_hal_pcd.o(i.HAL_PCD_SetAddress)
    HAL_PCD_SetupStageCallback               0x080007d3   Thumb Code    14  usbd_conf.o(i.HAL_PCD_SetupStageCallback)
    HAL_PCD_Start                            0x080007e1   Thumb Code    50  stm32f1xx_hal_pcd.o(i.HAL_PCD_Start)
    HAL_PCD_SuspendCallback                  0x08000815   Thumb Code    30  usbd_conf.o(i.HAL_PCD_SuspendCallback)
    HAL_RCCEx_PeriphCLKConfig                0x08000839   Thumb Code   224  stm32f1xx_hal_rcc_ex.o(i.HAL_RCCEx_PeriphCLKConfig)
    HAL_RCC_ClockConfig                      0x08000925   Thumb Code   322  stm32f1xx_hal_rcc.o(i.HAL_RCC_ClockConfig)
    HAL_RCC_GetHCLKFreq                      0x08000a79   Thumb Code     6  stm32f1xx_hal_rcc.o(i.HAL_RCC_GetHCLKFreq)
    HAL_RCC_GetSysClockFreq                  0x08000a85   Thumb Code    74  stm32f1xx_hal_rcc.o(i.HAL_RCC_GetSysClockFreq)
    HAL_RCC_OscConfig                        0x08000af1   Thumb Code   750  stm32f1xx_hal_rcc.o(i.HAL_RCC_OscConfig)
    HAL_SYSTICK_CLKSourceConfig              0x08000df5   Thumb Code    24  stm32f1xx_hal_cortex.o(i.HAL_SYSTICK_CLKSourceConfig)
    HAL_SYSTICK_Callback                     0x08000e0d   Thumb Code     2  stm32f1xx_hal_cortex.o(i.HAL_SYSTICK_Callback)
    HAL_SYSTICK_Config                       0x08000e0f   Thumb Code    40  stm32f1xx_hal_cortex.o(i.HAL_SYSTICK_Config)
    HAL_SYSTICK_IRQHandler                   0x08000e37   Thumb Code     8  stm32f1xx_hal_cortex.o(i.HAL_SYSTICK_IRQHandler)
    HardFault_Handler                        0x08000e3f   Thumb Code     2  stm32f1xx_it.o(i.HardFault_Handler)
    LL_GPIO_Init                             0x08000e41   Thumb Code   240  stm32f1xx_ll_gpio.o(i.LL_GPIO_Init)
    LL_I2C_Init                              0x08000fc1   Thumb Code    88  stm32f1xx_ll_i2c.o(i.LL_I2C_Init)
    LL_RCC_GetSystemClocksFreq               0x08001019   Thumb Code    32  stm32f1xx_ll_rcc.o(i.LL_RCC_GetSystemClocksFreq)
    MLX90640_I2CReadWord                     0x08001039   Thumb Code   246  mlx90640_i2c_driver.o(i.MLX90640_I2CReadWord)
    MX_USB_DEVICE_Init                       0x080011c9   Thumb Code    38  usb_device.o(i.MX_USB_DEVICE_Init)
    MemManage_Handler                        0x08001201   Thumb Code     2  stm32f1xx_it.o(i.MemManage_Handler)
    NMI_Handler                              0x08001203   Thumb Code     2  stm32f1xx_it.o(i.NMI_Handler)
    PendSV_Handler                           0x08001587   Thumb Code     2  stm32f1xx_it.o(i.PendSV_Handler)
    RCC_GetHCLKClockFreq                     0x08001589   Thumb Code    18  stm32f1xx_ll_rcc.o(i.RCC_GetHCLKClockFreq)
    RCC_GetPCLK1ClockFreq                    0x080015a5   Thumb Code    20  stm32f1xx_ll_rcc.o(i.RCC_GetPCLK1ClockFreq)
    RCC_GetPCLK2ClockFreq                    0x080015c1   Thumb Code    20  stm32f1xx_ll_rcc.o(i.RCC_GetPCLK2ClockFreq)
    RCC_GetSystemClockFreq                   0x080015dd   Thumb Code    26  stm32f1xx_ll_rcc.o(i.RCC_GetSystemClockFreq)
    RCC_PLL_GetFreqDomain_SYS                0x08001601   Thumb Code    48  stm32f1xx_ll_rcc.o(i.RCC_PLL_GetFreqDomain_SYS)
    SVC_Handler                              0x0800163d   Thumb Code     2  stm32f1xx_it.o(i.SVC_Handler)
    SysTick_Handler                          0x0800163f   Thumb Code    14  stm32f1xx_it.o(i.SysTick_Handler)
    SystemClock_Config                       0x0800164d   Thumb Code   120  main.o(i.SystemClock_Config)
    SystemInit                               0x080016c5   Thumb Code    56  system_stm32f1xx.o(i.SystemInit)
    USBD_CDC_GetDeviceQualifierDescriptor    0x080017b1   Thumb Code     8  usbd_cdc.o(i.USBD_CDC_GetDeviceQualifierDescriptor)
    USBD_CDC_ReceivePacket                   0x08001869   Thumb Code    40  usbd_cdc.o(i.USBD_CDC_ReceivePacket)
    USBD_CDC_RegisterInterface               0x08001891   Thumb Code    16  usbd_cdc.o(i.USBD_CDC_RegisterInterface)
    USBD_CDC_SetRxBuffer                     0x080018a1   Thumb Code    12  usbd_cdc.o(i.USBD_CDC_SetRxBuffer)
    USBD_CDC_SetTxBuffer                     0x080018ad   Thumb Code    16  usbd_cdc.o(i.USBD_CDC_SetTxBuffer)
    USBD_ClrClassConfig                      0x0800192d   Thumb Code    14  usbd_core.o(i.USBD_ClrClassConfig)
    USBD_CtlContinueRx                       0x0800193b   Thumb Code    16  usbd_ioreq.o(i.USBD_CtlContinueRx)
    USBD_CtlContinueSendData                 0x0800194b   Thumb Code    16  usbd_ioreq.o(i.USBD_CtlContinueSendData)
    USBD_CtlError                            0x0800195b   Thumb Code    22  usbd_ctlreq.o(i.USBD_CtlError)
    USBD_CtlPrepareRx                        0x08001971   Thumb Code    30  usbd_ioreq.o(i.USBD_CtlPrepareRx)
    USBD_CtlReceiveStatus                    0x0800198f   Thumb Code    22  usbd_ioreq.o(i.USBD_CtlReceiveStatus)
    USBD_CtlSendData                         0x080019a5   Thumb Code    26  usbd_ioreq.o(i.USBD_CtlSendData)
    USBD_CtlSendStatus                       0x080019bf   Thumb Code    22  usbd_ioreq.o(i.USBD_CtlSendStatus)
    USBD_FS_ConfigStrDescriptor              0x080019d5   Thumb Code    16  usbd_desc.o(i.USBD_FS_ConfigStrDescriptor)
    USBD_FS_DeviceDescriptor                 0x080019f5   Thumb Code     8  usbd_desc.o(i.USBD_FS_DeviceDescriptor)
    USBD_FS_InterfaceStrDescriptor           0x08001a01   Thumb Code    16  usbd_desc.o(i.USBD_FS_InterfaceStrDescriptor)
    USBD_FS_LangIDStrDescriptor              0x08001a25   Thumb Code     8  usbd_desc.o(i.USBD_FS_LangIDStrDescriptor)
    USBD_FS_ManufacturerStrDescriptor        0x08001a31   Thumb Code    16  usbd_desc.o(i.USBD_FS_ManufacturerStrDescriptor)
    USBD_FS_ProductStrDescriptor             0x08001a5d   Thumb Code    16  usbd_desc.o(i.USBD_FS_ProductStrDescriptor)
    USBD_FS_SerialStrDescriptor              0x08001a81   Thumb Code    16  usbd_desc.o(i.USBD_FS_SerialStrDescriptor)
    USBD_GetString                           0x08001b85   Thumb Code    70  usbd_ctlreq.o(i.USBD_GetString)
    USBD_Init                                0x08001bcb   Thumb Code    42  usbd_core.o(i.USBD_Init)
    USBD_LL_ClearStallEP                     0x08001bf5   Thumb Code    32  usbd_conf.o(i.USBD_LL_ClearStallEP)
    USBD_LL_CloseEP                          0x08001c15   Thumb Code    32  usbd_conf.o(i.USBD_LL_CloseEP)
    USBD_LL_DataInStage                      0x08001c35   Thumb Code   170  usbd_core.o(i.USBD_LL_DataInStage)
    USBD_LL_DataOutStage                     0x08001cdf   Thumb Code   106  usbd_core.o(i.USBD_LL_DataOutStage)
    USBD_LL_GetRxDataSize                    0x08001d49   Thumb Code     8  usbd_conf.o(i.USBD_LL_GetRxDataSize)
    USBD_LL_Init                             0x08001d51   Thumb Code   130  usbd_conf.o(i.USBD_LL_Init)
    USBD_LL_IsStallEP                        0x08001df1   Thumb Code    28  usbd_conf.o(i.USBD_LL_IsStallEP)
    USBD_LL_OpenEP                           0x08001e0d   Thumb Code    38  usbd_conf.o(i.USBD_LL_OpenEP)
    USBD_LL_PrepareReceive                   0x08001e33   Thumb Code    32  usbd_conf.o(i.USBD_LL_PrepareReceive)
    USBD_LL_Reset                            0x08001e53   Thumb Code    62  usbd_core.o(i.USBD_LL_Reset)
    USBD_LL_Resume                           0x08001e91   Thumb Code    12  usbd_core.o(i.USBD_LL_Resume)
    USBD_LL_SOF                              0x08001e9d   Thumb Code    24  usbd_core.o(i.USBD_LL_SOF)
    USBD_LL_SetSpeed                         0x08001eb5   Thumb Code     6  usbd_core.o(i.USBD_LL_SetSpeed)
    USBD_LL_SetUSBAddress                    0x08001ebb   Thumb Code    32  usbd_conf.o(i.USBD_LL_SetUSBAddress)
    USBD_LL_SetupStage                       0x08001edb   Thumb Code    90  usbd_core.o(i.USBD_LL_SetupStage)
    USBD_LL_StallEP                          0x08001f35   Thumb Code    32  usbd_conf.o(i.USBD_LL_StallEP)
    USBD_LL_Start                            0x08001f55   Thumb Code    32  usbd_conf.o(i.USBD_LL_Start)
    USBD_LL_Suspend                          0x08001f75   Thumb Code    18  usbd_core.o(i.USBD_LL_Suspend)
    USBD_LL_Transmit                         0x08001f87   Thumb Code    32  usbd_conf.o(i.USBD_LL_Transmit)
    USBD_ParseSetupRequest                   0x08001fa7   Thumb Code    40  usbd_ctlreq.o(i.USBD_ParseSetupRequest)
    USBD_RegisterClass                       0x08001fcf   Thumb Code    16  usbd_core.o(i.USBD_RegisterClass)
    USBD_SetClassConfig                      0x08001fdf   Thumb Code    22  usbd_core.o(i.USBD_SetClassConfig)
    USBD_Start                               0x08002069   Thumb Code    10  usbd_core.o(i.USBD_Start)
    USBD_StdDevReq                           0x08002073   Thumb Code   242  usbd_ctlreq.o(i.USBD_StdDevReq)
    USBD_StdEPReq                            0x08002165   Thumb Code   220  usbd_ctlreq.o(i.USBD_StdEPReq)
    USBD_StdItfReq                           0x08002241   Thumb Code    52  usbd_ctlreq.o(i.USBD_StdItfReq)
    USBD_static_free                         0x08002275   Thumb Code     2  usbd_conf.o(i.USBD_static_free)
    USBD_static_malloc                       0x08002279   Thumb Code     4  usbd_conf.o(i.USBD_static_malloc)
    USB_ActivateEndpoint                     0x08002281   Thumb Code   604  stm32f1xx_ll_usb.o(i.USB_ActivateEndpoint)
    USB_CoreInit                             0x080024dd   Thumb Code     4  stm32f1xx_ll_usb.o(i.USB_CoreInit)
    USB_DeactivateEndpoint                   0x080024e1   Thumb Code   292  stm32f1xx_ll_usb.o(i.USB_DeactivateEndpoint)
    USB_DevConnect                           0x08002605   Thumb Code     4  stm32f1xx_ll_usb.o(i.USB_DevConnect)
    USB_DevDisconnect                        0x08002609   Thumb Code     4  stm32f1xx_ll_usb.o(i.USB_DevDisconnect)
    USB_DevInit                              0x0800260d   Thumb Code    30  stm32f1xx_ll_usb.o(i.USB_DevInit)
    USB_DisableGlobalInt                     0x0800262b   Thumb Code    14  stm32f1xx_ll_usb.o(i.USB_DisableGlobalInt)
    USB_EP0_OutStart                         0x08002639   Thumb Code     4  stm32f1xx_ll_usb.o(i.USB_EP0_OutStart)
    USB_EPClearStall                         0x0800263d   Thumb Code   106  stm32f1xx_ll_usb.o(i.USB_EPClearStall)
    USB_EPSetStall                           0x080026a7   Thumb Code    74  stm32f1xx_ll_usb.o(i.USB_EPSetStall)
    USB_EPStartXfer                          0x080026f1   Thumb Code   426  stm32f1xx_ll_usb.o(i.USB_EPStartXfer)
    USB_EnableGlobalInt                      0x0800289b   Thumb Code    14  stm32f1xx_ll_usb.o(i.USB_EnableGlobalInt)
    USB_LP_CAN1_RX0_IRQHandler               0x080028a9   Thumb Code     6  stm32f1xx_it.o(i.USB_LP_CAN1_RX0_IRQHandler)
    USB_ReadInterrupts                       0x080028b5   Thumb Code     6  stm32f1xx_ll_usb.o(i.USB_ReadInterrupts)
    USB_ReadPMA                              0x080028bd   Thumb Code    30  stm32f1xx_ll_usb.o(i.USB_ReadPMA)
    USB_SetCurrentMode                       0x080028db   Thumb Code     4  stm32f1xx_ll_usb.o(i.USB_SetCurrentMode)
    USB_SetDevAddress                        0x080028df   Thumb Code    12  stm32f1xx_ll_usb.o(i.USB_SetDevAddress)
    USB_WritePMA                             0x080028eb   Thumb Code    38  stm32f1xx_ll_usb.o(i.USB_WritePMA)
    UsageFault_Handler                       0x08002911   Thumb Code     2  stm32f1xx_it.o(i.UsageFault_Handler)
    _Error_Handler                           0x08002913   Thumb Code     2  main.o(i._Error_Handler)
    __scatterload_copy                       0x08002915   Thumb Code    14  handlers.o(i.__scatterload_copy)
    __scatterload_null                       0x08002923   Thumb Code     2  handlers.o(i.__scatterload_null)
    __scatterload_zeroinit                   0x08002925   Thumb Code    14  handlers.o(i.__scatterload_zeroinit)
    main                                     0x08002935   Thumb Code   112  main.o(i.main)
    AHBPrescTable                            0x080029a8   Data          16  system_stm32f1xx.o(.constdata)
    APBPrescTable                            0x080029b8   Data           8  system_stm32f1xx.o(.constdata)
    Region$$Table$$Base                      0x080029c0   Number         0  anon$$obj.o(Region$$Table)
    Region$$Table$$Limit                     0x080029e0   Number         0  anon$$obj.o(Region$$Table)
    FS_Desc                                  0x20000000   Data          28  usbd_desc.o(.data)
    USBD_LangIDDesc                          0x2000001c   Data           4  usbd_desc.o(.data)
    USBD_FS_DeviceDesc                       0x20000020   Data          18  usbd_desc.o(.data)
    USBD_Interface_fops_FS                   0x20000034   Data          16  usbd_cdc_if.o(.data)
    uwTickFreq                               0x20000044   Data           1  stm32f1xx_hal.o(.data)
    uwTickPrio                               0x20000048   Data           4  stm32f1xx_hal.o(.data)
    uwTick                                   0x2000004c   Data           4  stm32f1xx_hal.o(.data)
    SystemCoreClock                          0x20000050   Data           4  system_stm32f1xx.o(.data)
    USBD_CDC_CfgHSDesc                       0x20000068   Data          67  usbd_cdc.o(.data)
    USBD_CDC_CfgFSDesc                       0x200000ac   Data          67  usbd_cdc.o(.data)
    USBD_CDC_OtherSpeedCfgDesc               0x200000f0   Data          67  usbd_cdc.o(.data)
    USBD_CDC                                 0x20000134   Data          56  usbd_cdc.o(.data)
    hUsbDeviceFS                             0x2000016c   Data         548  usb_device.o(.bss)
    hpcd_USB_FS                              0x200005b0   Data        1120  usbd_conf.o(.bss)
    USBD_StrDesc                             0x20000a10   Data         512  usbd_desc.o(.bss)
    UserRxBufferFS                           0x20000c10   Data         512  usbd_cdc_if.o(.bss)
    UserTxBufferFS                           0x20000e10   Data         512  usbd_cdc_if.o(.bss)
    __initial_sp                             0x20001510   Data           0  startup_stm32f103xb.o(STACK)



==============================================================================

Memory Map of the image

  Image Entry point : 0x080000ed

  Load Region LR_IROM1 (Base: 0x08000000, Size: 0x00002b4c, Max: 0x00010000, ABSOLUTE, COMPRESSED[0x00002aa0])

    Execution Region ER_IROM1 (Base: 0x08000000, Size: 0x000029e0, Max: 0x00010000, ABSOLUTE)

    Base Addr    Size         Type   Attr      Idx    E Section Name        Object

    0x08000000   0x000000ec   Data   RO            3    RESET               startup_stm32f103xb.o
    0x080000ec   0x00000000   Code   RO         3109  * .ARM.Collect$$$$00000000  mc_w.l(entry.o)
    0x080000ec   0x00000004   Code   RO         3167    .ARM.Collect$$$$00000001  mc_w.l(entry2.o)
    0x080000f0   0x00000004   Code   RO         3170    .ARM.Collect$$$$00000004  mc_w.l(entry5.o)
    0x080000f4   0x00000000   Code   RO         3172    .ARM.Collect$$$$00000008  mc_w.l(entry7b.o)
    0x080000f4   0x00000000   Code   RO         3174    .ARM.Collect$$$$0000000A  mc_w.l(entry8b.o)
    0x080000f4   0x00000008   Code   RO         3175    .ARM.Collect$$$$0000000B  mc_w.l(entry9a.o)
    0x080000fc   0x00000000   Code   RO         3177    .ARM.Collect$$$$0000000D  mc_w.l(entry10a.o)
    0x080000fc   0x00000000   Code   RO         3179    .ARM.Collect$$$$0000000F  mc_w.l(entry11a.o)
    0x080000fc   0x00000004   Code   RO         3168    .ARM.Collect$$$$00002712  mc_w.l(entry2.o)
    0x08000100   0x00000024   Code   RO            4    .text               startup_stm32f103xb.o
    0x08000124   0x00000024   Code   RO         3114    .text               mc_w.l(memcpya.o)
    0x08000148   0x00000024   Code   RO         3205    .text               mc_w.l(init.o)
    0x0800016c   0x00000056   Code   RO         3215    .text               mc_w.l(__dczerorl2.o)
    0x080001c2   0x00000002   Code   RO          851    i.BusFault_Handler  stm32f1xx_it.o
    0x080001c4   0x00000004   Code   RO          799    i.CDC_Control_FS    usbd_cdc_if.o
    0x080001c8   0x00000004   Code   RO          800    i.CDC_DeInit_FS     usbd_cdc_if.o
    0x080001cc   0x00000024   Code   RO          801    i.CDC_Init_FS       usbd_cdc_if.o
    0x080001f0   0x00000018   Code   RO          802    i.CDC_Receive_FS    usbd_cdc_if.o
    0x08000208   0x00000002   Code   RO          852    i.DebugMon_Handler  stm32f1xx_it.o
    0x0800020a   0x00000002   PAD
    0x0800020c   0x0000000c   Code   RO         1617    i.HAL_GetTick       stm32f1xx_hal.o
    0x08000218   0x00000010   Code   RO         1621    i.HAL_IncTick       stm32f1xx_hal.o
    0x08000228   0x00000024   Code   RO         1622    i.HAL_Init          stm32f1xx_hal.o
    0x0800024c   0x00000040   Code   RO         1623    i.HAL_InitTick      stm32f1xx_hal.o
    0x0800028c   0x00000090   Code   RO          933    i.HAL_MspInit       stm32f1xx_hal_msp.o
    0x0800031c   0x00000016   Code   RO         2066    i.HAL_NVIC_EnableIRQ  stm32f1xx_hal_cortex.o
    0x08000332   0x00000002   PAD
    0x08000334   0x00000040   Code   RO         2072    i.HAL_NVIC_SetPriority  stm32f1xx_hal_cortex.o
    0x08000374   0x00000024   Code   RO         2073    i.HAL_NVIC_SetPriorityGrouping  stm32f1xx_hal_cortex.o
    0x08000398   0x00000034   Code   RO         1208    i.HAL_PCDEx_PMAConfig  stm32f1xx_hal_pcd_ex.o
    0x080003cc   0x00000002   Code   RO          524    i.HAL_PCDEx_SetConnectionState  usbd_conf.o
    0x080003ce   0x0000000e   Code   RO          526    i.HAL_PCD_DataInStageCallback  usbd_conf.o
    0x080003dc   0x00000010   Code   RO          527    i.HAL_PCD_DataOutStageCallback  usbd_conf.o
    0x080003ec   0x00000040   Code   RO         1002    i.HAL_PCD_EP_Close  stm32f1xx_hal_pcd.o
    0x0800042c   0x00000048   Code   RO         1003    i.HAL_PCD_EP_ClrStall  stm32f1xx_hal_pcd.o
    0x08000474   0x00000010   Code   RO         1005    i.HAL_PCD_EP_GetRxCount  stm32f1xx_hal_pcd.o
    0x08000484   0x00000044   Code   RO         1006    i.HAL_PCD_EP_Open   stm32f1xx_hal_pcd.o
    0x080004c8   0x0000002e   Code   RO         1007    i.HAL_PCD_EP_Receive  stm32f1xx_hal_pcd.o
    0x080004f6   0x00000056   Code   RO         1008    i.HAL_PCD_EP_SetStall  stm32f1xx_hal_pcd.o
    0x0800054c   0x0000002a   Code   RO         1009    i.HAL_PCD_EP_Transmit  stm32f1xx_hal_pcd.o
    0x08000576   0x0000010c   Code   RO         1011    i.HAL_PCD_IRQHandler  stm32f1xx_hal_pcd.o
    0x08000682   0x00000002   PAD
    0x08000684   0x000000c0   Code   RO         1014    i.HAL_PCD_Init      stm32f1xx_hal_pcd.o
    0x08000744   0x0000003c   Code   RO          532    i.HAL_PCD_MspInit   usbd_conf.o
    0x08000780   0x0000001a   Code   RO          533    i.HAL_PCD_ResetCallback  usbd_conf.o
    0x0800079a   0x00000008   Code   RO          534    i.HAL_PCD_ResumeCallback  usbd_conf.o
    0x080007a2   0x00000008   Code   RO          535    i.HAL_PCD_SOFCallback  usbd_conf.o
    0x080007aa   0x00000028   Code   RO         1020    i.HAL_PCD_SetAddress  stm32f1xx_hal_pcd.o
    0x080007d2   0x0000000e   Code   RO          536    i.HAL_PCD_SetupStageCallback  usbd_conf.o
    0x080007e0   0x00000032   Code   RO         1022    i.HAL_PCD_Start     stm32f1xx_hal_pcd.o
    0x08000812   0x00000002   PAD
    0x08000814   0x00000024   Code   RO          537    i.HAL_PCD_SuspendCallback  usbd_conf.o
    0x08000838   0x000000ec   Code   RO         1869    i.HAL_RCCEx_PeriphCLKConfig  stm32f1xx_hal_rcc_ex.o
    0x08000924   0x00000154   Code   RO         1766    i.HAL_RCC_ClockConfig  stm32f1xx_hal_rcc.o
    0x08000a78   0x0000000c   Code   RO         1771    i.HAL_RCC_GetHCLKFreq  stm32f1xx_hal_rcc.o
    0x08000a84   0x0000006c   Code   RO         1775    i.HAL_RCC_GetSysClockFreq  stm32f1xx_hal_rcc.o
    0x08000af0   0x00000304   Code   RO         1778    i.HAL_RCC_OscConfig  stm32f1xx_hal_rcc.o
    0x08000df4   0x00000018   Code   RO         2075    i.HAL_SYSTICK_CLKSourceConfig  stm32f1xx_hal_cortex.o
    0x08000e0c   0x00000002   Code   RO         2076    i.HAL_SYSTICK_Callback  stm32f1xx_hal_cortex.o
    0x08000e0e   0x00000028   Code   RO         2077    i.HAL_SYSTICK_Config  stm32f1xx_hal_cortex.o
    0x08000e36   0x00000008   Code   RO         2078    i.HAL_SYSTICK_IRQHandler  stm32f1xx_hal_cortex.o
    0x08000e3e   0x00000002   Code   RO          853    i.HardFault_Handler  stm32f1xx_it.o
    0x08000e40   0x000000f0   Code   RO         1480    i.LL_GPIO_Init      stm32f1xx_ll_gpio.o
    0x08000f30   0x00000090   Code   RO         1430    i.LL_I2C_ConfigSpeed  stm32f1xx_ll_i2c.o
    0x08000fc0   0x00000058   Code   RO         1432    i.LL_I2C_Init       stm32f1xx_ll_i2c.o
    0x08001018   0x00000020   Code   RO         2496    i.LL_RCC_GetSystemClocksFreq  stm32f1xx_ll_rcc.o
    0x08001038   0x000000fc   Code   RO          233    i.MLX90640_I2CReadWord  mlx90640_i2c_driver.o
    0x08001134   0x00000094   Code   RO          392    i.MX_I2C1_Init      main.o
    0x080011c8   0x00000038   Code   RO          470    i.MX_USB_DEVICE_Init  usb_device.o
    0x08001200   0x00000002   Code   RO          854    i.MemManage_Handler  stm32f1xx_it.o
    0x08001202   0x00000002   Code   RO          855    i.NMI_Handler       stm32f1xx_it.o
    0x08001204   0x00000020   Code   RO         2079    i.NVIC_SetPriority  stm32f1xx_hal_cortex.o
    0x08001224   0x00000362   Code   RO         1025    i.PCD_EP_ISR_Handler  stm32f1xx_hal_pcd.o
    0x08001586   0x00000002   Code   RO          856    i.PendSV_Handler    stm32f1xx_it.o
    0x08001588   0x0000001c   Code   RO         2498    i.RCC_GetHCLKClockFreq  stm32f1xx_ll_rcc.o
    0x080015a4   0x0000001c   Code   RO         2499    i.RCC_GetPCLK1ClockFreq  stm32f1xx_ll_rcc.o
    0x080015c0   0x0000001c   Code   RO         2500    i.RCC_GetPCLK2ClockFreq  stm32f1xx_ll_rcc.o
    0x080015dc   0x00000024   Code   RO         2501    i.RCC_GetSystemClockFreq  stm32f1xx_ll_rcc.o
    0x08001600   0x0000003c   Code   RO         2502    i.RCC_PLL_GetFreqDomain_SYS  stm32f1xx_ll_rcc.o
    0x0800163c   0x00000002   Code   RO          857    i.SVC_Handler       stm32f1xx_it.o
    0x0800163e   0x0000000e   Code   RO          858    i.SysTick_Handler   stm32f1xx_it.o
    0x0800164c   0x00000078   Code   RO          393    i.SystemClock_Config  main.o
    0x080016c4   0x00000048   Code   RO         2688    i.SystemInit        system_stm32f1xx.o
    0x0800170c   0x00000014   Code   RO         2988    i.USBD_CDC_DataIn   usbd_cdc.o
    0x08001720   0x0000002e   Code   RO         2989    i.USBD_CDC_DataOut  usbd_cdc.o
    0x0800174e   0x0000003c   Code   RO         2990    i.USBD_CDC_DeInit   usbd_cdc.o
    0x0800178a   0x00000024   Code   RO         2991    i.USBD_CDC_EP0_RxReady  usbd_cdc.o
    0x080017ae   0x00000002   PAD
    0x080017b0   0x0000000c   Code   RO         2992    i.USBD_CDC_GetDeviceQualifierDescriptor  usbd_cdc.o
    0x080017bc   0x0000000c   Code   RO         2993    i.USBD_CDC_GetFSCfgDesc  usbd_cdc.o
    0x080017c8   0x0000000c   Code   RO         2994    i.USBD_CDC_GetHSCfgDesc  usbd_cdc.o
    0x080017d4   0x0000000c   Code   RO         2995    i.USBD_CDC_GetOtherSpeedCfgDesc  usbd_cdc.o
    0x080017e0   0x00000088   Code   RO         2996    i.USBD_CDC_Init     usbd_cdc.o
    0x08001868   0x00000028   Code   RO         2997    i.USBD_CDC_ReceivePacket  usbd_cdc.o
    0x08001890   0x00000010   Code   RO         2998    i.USBD_CDC_RegisterInterface  usbd_cdc.o
    0x080018a0   0x0000000c   Code   RO         2999    i.USBD_CDC_SetRxBuffer  usbd_cdc.o
    0x080018ac   0x00000010   Code   RO         3000    i.USBD_CDC_SetTxBuffer  usbd_cdc.o
    0x080018bc   0x00000070   Code   RO         3001    i.USBD_CDC_Setup    usbd_cdc.o
    0x0800192c   0x0000000e   Code   RO         2725    i.USBD_ClrClassConfig  usbd_core.o
    0x0800193a   0x00000010   Code   RO         2928    i.USBD_CtlContinueRx  usbd_ioreq.o
    0x0800194a   0x00000010   Code   RO         2929    i.USBD_CtlContinueSendData  usbd_ioreq.o
    0x0800195a   0x00000016   Code   RO         2863    i.USBD_CtlError     usbd_ctlreq.o
    0x08001970   0x0000001e   Code   RO         2930    i.USBD_CtlPrepareRx  usbd_ioreq.o
    0x0800198e   0x00000016   Code   RO         2931    i.USBD_CtlReceiveStatus  usbd_ioreq.o
    0x080019a4   0x0000001a   Code   RO         2932    i.USBD_CtlSendData  usbd_ioreq.o
    0x080019be   0x00000016   Code   RO         2933    i.USBD_CtlSendStatus  usbd_ioreq.o
    0x080019d4   0x00000020   Code   RO          731    i.USBD_FS_ConfigStrDescriptor  usbd_desc.o
    0x080019f4   0x0000000c   Code   RO          732    i.USBD_FS_DeviceDescriptor  usbd_desc.o
    0x08001a00   0x00000024   Code   RO          733    i.USBD_FS_InterfaceStrDescriptor  usbd_desc.o
    0x08001a24   0x0000000c   Code   RO          734    i.USBD_FS_LangIDStrDescriptor  usbd_desc.o
    0x08001a30   0x0000002c   Code   RO          735    i.USBD_FS_ManufacturerStrDescriptor  usbd_desc.o
    0x08001a5c   0x00000024   Code   RO          736    i.USBD_FS_ProductStrDescriptor  usbd_desc.o
    0x08001a80   0x00000024   Code   RO          737    i.USBD_FS_SerialStrDescriptor  usbd_desc.o
    0x08001aa4   0x000000e0   Code   RO         2864    i.USBD_GetDescriptor  usbd_ctlreq.o
    0x08001b84   0x00000046   Code   RO         2865    i.USBD_GetString    usbd_ctlreq.o
    0x08001bca   0x0000002a   Code   RO         2727    i.USBD_Init         usbd_core.o
    0x08001bf4   0x00000020   Code   RO          538    i.USBD_LL_ClearStallEP  usbd_conf.o
    0x08001c14   0x00000020   Code   RO          539    i.USBD_LL_CloseEP   usbd_conf.o
    0x08001c34   0x000000aa   Code   RO         2728    i.USBD_LL_DataInStage  usbd_core.o
    0x08001cde   0x0000006a   Code   RO         2729    i.USBD_LL_DataOutStage  usbd_core.o
    0x08001d48   0x00000008   Code   RO          543    i.USBD_LL_GetRxDataSize  usbd_conf.o
    0x08001d50   0x000000a0   Code   RO          544    i.USBD_LL_Init      usbd_conf.o
    0x08001df0   0x0000001c   Code   RO          545    i.USBD_LL_IsStallEP  usbd_conf.o
    0x08001e0c   0x00000026   Code   RO          546    i.USBD_LL_OpenEP    usbd_conf.o
    0x08001e32   0x00000020   Code   RO          547    i.USBD_LL_PrepareReceive  usbd_conf.o
    0x08001e52   0x0000003e   Code   RO         2734    i.USBD_LL_Reset     usbd_core.o
    0x08001e90   0x0000000c   Code   RO         2735    i.USBD_LL_Resume    usbd_core.o
    0x08001e9c   0x00000018   Code   RO         2736    i.USBD_LL_SOF       usbd_core.o
    0x08001eb4   0x00000006   Code   RO         2737    i.USBD_LL_SetSpeed  usbd_core.o
    0x08001eba   0x00000020   Code   RO          548    i.USBD_LL_SetUSBAddress  usbd_conf.o
    0x08001eda   0x0000005a   Code   RO         2738    i.USBD_LL_SetupStage  usbd_core.o
    0x08001f34   0x00000020   Code   RO          549    i.USBD_LL_StallEP   usbd_conf.o
    0x08001f54   0x00000020   Code   RO          550    i.USBD_LL_Start     usbd_conf.o
    0x08001f74   0x00000012   Code   RO         2739    i.USBD_LL_Suspend   usbd_core.o
    0x08001f86   0x00000020   Code   RO          552    i.USBD_LL_Transmit  usbd_conf.o
    0x08001fa6   0x00000028   Code   RO         2866    i.USBD_ParseSetupRequest  usbd_ctlreq.o
    0x08001fce   0x00000010   Code   RO         2740    i.USBD_RegisterClass  usbd_core.o
    0x08001fde   0x00000016   Code   RO         2742    i.USBD_SetClassConfig  usbd_core.o
    0x08001ff4   0x00000074   Code   RO         2867    i.USBD_SetConfig    usbd_ctlreq.o
    0x08002068   0x0000000a   Code   RO         2743    i.USBD_Start        usbd_core.o
    0x08002072   0x000000f2   Code   RO         2868    i.USBD_StdDevReq    usbd_ctlreq.o
    0x08002164   0x000000dc   Code   RO         2869    i.USBD_StdEPReq     usbd_ctlreq.o
    0x08002240   0x00000034   Code   RO         2870    i.USBD_StdItfReq    usbd_ctlreq.o
    0x08002274   0x00000002   Code   RO          553    i.USBD_static_free  usbd_conf.o
    0x08002276   0x00000002   PAD
    0x08002278   0x00000008   Code   RO          554    i.USBD_static_malloc  usbd_conf.o
    0x08002280   0x0000025c   Code   RO         1238    i.USB_ActivateEndpoint  stm32f1xx_ll_usb.o
    0x080024dc   0x00000004   Code   RO         1241    i.USB_CoreInit      stm32f1xx_ll_usb.o
    0x080024e0   0x00000124   Code   RO         1243    i.USB_DeactivateEndpoint  stm32f1xx_ll_usb.o
    0x08002604   0x00000004   Code   RO         1244    i.USB_DevConnect    stm32f1xx_ll_usb.o
    0x08002608   0x00000004   Code   RO         1245    i.USB_DevDisconnect  stm32f1xx_ll_usb.o
    0x0800260c   0x0000001e   Code   RO         1246    i.USB_DevInit       stm32f1xx_ll_usb.o
    0x0800262a   0x0000000e   Code   RO         1247    i.USB_DisableGlobalInt  stm32f1xx_ll_usb.o
    0x08002638   0x00000004   Code   RO         1248    i.USB_EP0_OutStart  stm32f1xx_ll_usb.o
    0x0800263c   0x0000006a   Code   RO         1249    i.USB_EPClearStall  stm32f1xx_ll_usb.o
    0x080026a6   0x0000004a   Code   RO         1250    i.USB_EPSetStall    stm32f1xx_ll_usb.o
    0x080026f0   0x000001aa   Code   RO         1251    i.USB_EPStartXfer   stm32f1xx_ll_usb.o
    0x0800289a   0x0000000e   Code   RO         1252    i.USB_EnableGlobalInt  stm32f1xx_ll_usb.o
    0x080028a8   0x0000000c   Code   RO          859    i.USB_LP_CAN1_RX0_IRQHandler  stm32f1xx_it.o
    0x080028b4   0x00000006   Code   RO         1259    i.USB_ReadInterrupts  stm32f1xx_ll_usb.o
    0x080028ba   0x00000002   PAD
    0x080028bc   0x0000001e   Code   RO         1260    i.USB_ReadPMA       stm32f1xx_ll_usb.o
    0x080028da   0x00000004   Code   RO         1262    i.USB_SetCurrentMode  stm32f1xx_ll_usb.o
    0x080028de   0x0000000c   Code   RO         1263    i.USB_SetDevAddress  stm32f1xx_ll_usb.o
    0x080028ea   0x00000026   Code   RO         1265    i.USB_WritePMA      stm32f1xx_ll_usb.o
    0x08002910   0x00000002   Code   RO          860    i.UsageFault_Handler  stm32f1xx_it.o
    0x08002912   0x00000002   Code   RO          394    i._Error_Handler    main.o
    0x08002914   0x0000000e   Code   RO         3209    i.__scatterload_copy  mc_w.l(handlers.o)
    0x08002922   0x00000002   Code   RO         3210    i.__scatterload_null  mc_w.l(handlers.o)
    0x08002924   0x0000000e   Code   RO         3211    i.__scatterload_zeroinit  mc_w.l(handlers.o)
    0x08002932   0x00000002   PAD
    0x08002934   0x00000074   Code   RO          395    i.main              main.o
    0x080029a8   0x00000010   Data   RO         2689    .constdata          system_stm32f1xx.o
    0x080029b8   0x00000008   Data   RO         2690    .constdata          system_stm32f1xx.o
    0x080029c0   0x00000020   Data   RO         3207    Region$$Table       anon$$obj.o


    Execution Region RW_IRAM1 (Base: 0x20000000, Size: 0x00001510, Max: 0x00005000, ABSOLUTE, COMPRESSED[0x000000c0])

    Base Addr    Size         Type   Attr      Idx    E Section Name        Object

    0x20000000   0x0000001c   Data   RW          739    .data               usbd_desc.o
    0x2000001c   0x00000016   Data   RW          740    .data               usbd_desc.o
    0x20000032   0x00000002   PAD
    0x20000034   0x00000010   Data   RW          805    .data               usbd_cdc_if.o
    0x20000044   0x0000000c   Data   RW         1629    .data               stm32f1xx_hal.o
    0x20000050   0x00000004   Data   RW         2691    .data               system_stm32f1xx.o
    0x20000054   0x00000001   Data   RW         2871    .data               usbd_ctlreq.o
    0x20000055   0x00000003   PAD
    0x20000058   0x000000db   Data   RW         3003    .data               usbd_cdc.o
    0x20000133   0x00000001   PAD
    0x20000134   0x00000038   Data   RW         3004    .data               usbd_cdc.o
    0x2000016c   0x00000224   Zero   RW          471    .bss                usb_device.o
    0x20000390   0x00000680   Zero   RW          555    .bss                usbd_conf.o
    0x20000a10   0x00000200   Zero   RW          738    .bss                usbd_desc.o
    0x20000c10   0x00000400   Zero   RW          804    .bss                usbd_cdc_if.o
    0x20001010   0x00000500   Zero   RW            1    STACK               startup_stm32f103xb.o


==============================================================================

Image component sizes


      Code (inc. data)   RO Data    RW Data    ZI Data      Debug   Object Name

       386         30          0          0          0      27317   main.o
         0          0          0          0          0       4508   mlx90640_api.o
       252          6          0          0          0     416315   mlx90640_i2c_driver.o
        36          8        236          0       1280        784   startup_stm32f103xb.o
       128         24          0         12          0       3125   stm32f1xx_hal.o
       228         14          0          0          0      27225   stm32f1xx_hal_cortex.o
       144         10          0          0          0        870   stm32f1xx_hal_msp.o
      1810          0          0          0          0       9777   stm32f1xx_hal_pcd.o
        52          0          0          0          0       1134   stm32f1xx_hal_pcd_ex.o
      1232         80          0          0          0       4422   stm32f1xx_hal_rcc.o
       236         12          0          0          0       1352   stm32f1xx_hal_rcc_ex.o
        42          6          0          0          0       4079   stm32f1xx_it.o
       240          0          0          0          0      10263   stm32f1xx_ll_gpio.o
       232         10          0          0          0      12034   stm32f1xx_ll_i2c.o
       212         48          0          0          0      13247   stm32f1xx_ll_rcc.o
      1666          0          0          0          0      12287   stm32f1xx_ll_usb.o
        72         16         24          4          0       1103   system_stm32f1xx.o
        56         18          0          0        548       2335   usb_device.o
       542         22          0        275          0      11592   usbd_cdc.o
        68         16          0         16       1024       2406   usbd_cdc_if.o
       652         50          0          0       1664      12677   usbd_conf.o
       592          0          0          0          0       8888   usbd_core.o
       986         30          0          1          0       7568   usbd_ctlreq.o
       208        112          0         50        512       4747   usbd_desc.o
       132          0          0          0          0       4192   usbd_ioreq.o

    ----------------------------------------------------------------------
     10218        512        292        364       5028     604247   Object Totals
         0          0         32          0          0          0   (incl. Generated)
        14          0          0          6          0          0   (incl. Padding)

    ----------------------------------------------------------------------

      Code (inc. data)   RO Data    RW Data    ZI Data      Debug   Library Member Name

        86          0          0          0          0          0   __dczerorl2.o
         0          0          0          0          0          0   entry.o
         0          0          0          0          0          0   entry10a.o
         0          0          0          0          0          0   entry11a.o
         8          4          0          0          0          0   entry2.o
         4          0          0          0          0          0   entry5.o
         0          0          0          0          0          0   entry7b.o
         0          0          0          0          0          0   entry8b.o
         8          4          0          0          0          0   entry9a.o
        30          0          0          0          0          0   handlers.o
        36          8          0          0          0         68   init.o
        36          0          0          0          0         68   memcpya.o

    ----------------------------------------------------------------------
       210         16          0          0          0        136   Library Totals
         2          0          0          0          0          0   (incl. Padding)

    ----------------------------------------------------------------------

      Code (inc. data)   RO Data    RW Data    ZI Data      Debug   Library Name

       208         16          0          0          0        136   mc_w.l

    ----------------------------------------------------------------------
       210         16          0          0          0        136   Library Totals

    ----------------------------------------------------------------------

==============================================================================


      Code (inc. data)   RO Data    RW Data    ZI Data      Debug   

     10428        528        292        364       5028     597231   Grand Totals
     10428        528        292        192       5028     597231   ELF Image Totals (compressed)
     10428        528        292        192          0          0   ROM Totals

==============================================================================

    Total RO  Size (Code + RO Data)                10720 (  10.47kB)
    Total RW  Size (RW Data + ZI Data)              5392 (   5.27kB)
    Total ROM Size (Code + RO Data + RW Data)      10912 (  10.66kB)

==============================================================================

